[    0.000000] Linux version 4.15.0-212-generic (buildd@lcy02-amd64-083) (gcc version 7.5.0 (Ubuntu 7.5.0-3ubuntu1~18.04)) #223-Ubuntu SMP Tue May 23 13:09:22 UTC 2023 (Ubuntu 4.15.0-212.223-generic 4.15.18)
[    0.000000] Command line: BOOT_IMAGE=/boot/vmlinuz-4.15.0-212-generic root=LABEL=cloudimg-rootfs ro console=tty1 console=ttyS0
[    0.000000] KERNEL supported cpus:
[    0.000000]   Intel GenuineIntel
[    0.000000]   AMD AuthenticAMD
[    0.000000]   Centaur CentaurHauls
[    0.000000] x86/fpu: Supporting XSAVE feature 0x001: 'x87 floating point registers'
[    0.000000] x86/fpu: Supporting XSAVE feature 0x002: 'SSE registers'
[    0.000000] x86/fpu: Supporting XSAVE feature 0x004: 'AVX registers'
[    0.000000] x86/fpu: xstate_offset[2]:  576, xstate_sizes[2]:  256
[    0.000000] x86/fpu: Enabled xstate features 0x7, context size is 832 bytes, using 'standard' format.
[    0.000000] e820: BIOS-provided physical RAM map:
[    0.000000] BIOS-e820: [mem 0x0000000000000000-0x000000000009fbff] usable
[    0.000000] BIOS-e820: [mem 0x000000000009fc00-0x000000000009ffff] reserved
[    0.000000] BIOS-e820: [mem 0x00000000000f0000-0x00000000000fffff] reserved
[    0.000000] BIOS-e820: [mem 0x0000000000100000-0x000000001ffeffff] usable
[    0.000000] BIOS-e820: [mem 0x000000001fff0000-0x000000001fffffff] ACPI data
[    0.000000] BIOS-e820: [mem 0x00000000fec00000-0x00000000fec00fff] reserved
[    0.000000] BIOS-e820: [mem 0x00000000fee00000-0x00000000fee00fff] reserved
[    0.000000] BIOS-e820: [mem 0x00000000fffc0000-0x00000000ffffffff] reserved
[    0.000000] NX (Execute Disable) protection: active
[    0.000000] SMBIOS 2.5 present.
[    0.000000] DMI: innotek GmbH VirtualBox/VirtualBox, BIOS VirtualBox 12/01/2006
[    0.000000] Hypervisor detected: KVM
[    0.000000] e820: last_pfn = 0x1fff0 max_arch_pfn = 0x400000000
[    0.000000] MTRR: Disabled
[    0.000000] x86/PAT: MTRRs disabled, skipping PAT initialization too.
[    0.000000] CPU MTRRs all blank - virtualized system.
[    0.000000] x86/PAT: Configuration [0-7]: WB  WT  UC- UC  WB  WT  UC- UC  
[    0.000000] found SMP MP-table at [mem 0x0009fff0-0x0009ffff]
[    0.000000] Scanning 1 areas for low memory corruption
[    0.000000] RAMDISK: [mem 0x1dafa000-0x1ee0bfff]
[    0.000000] ACPI: Early table checksum verification disabled
[    0.000000] ACPI: RSDP 0x00000000000E0000 000024 (v02 VBOX  )
[    0.000000] ACPI: XSDT 0x000000001FFF0030 00003C (v01 VBOX   VBOXXSDT 00000001 ASL  00000061)
[    0.000000] ACPI: FACP 0x000000001FFF00F0 0000F4 (v04 VBOX   VBOXFACP 00000001 ASL  00000061)
[    0.000000] ACPI: DSDT 0x000000001FFF0610 002353 (v02 VBOX   VBOXBIOS 00000002 INTL 20230628)
[    0.000000] ACPI: FACS 0x000000001FFF0200 000040
[    0.000000] ACPI: FACS 0x000000001FFF0200 000040
[    0.000000] ACPI: APIC 0x000000001FFF0240 000054 (v02 VBOX   VBOXAPIC 00000001 ASL  00000061)
[    0.000000] ACPI: SSDT 0x000000001FFF02A0 00036C (v01 VBOX   VBOXCPUT 00000002 INTL 20230628)
[    0.000000] ACPI: Reserving FACP table memory at [mem 0x1fff00f0-0x1fff01e3]
[    0.000000] ACPI: Reserving DSDT table memory at [mem 0x1fff0610-0x1fff2962]
[    0.000000] ACPI: Reserving FACS table memory at [mem 0x1fff0200-0x1fff023f]
[    0.000000] ACPI: Reserving FACS table memory at [mem 0x1fff0200-0x1fff023f]
[    0.000000] ACPI: Reserving APIC table memory at [mem 0x1fff0240-0x1fff0293]
[    0.000000] ACPI: Reserving SSDT table memory at [mem 0x1fff02a0-0x1fff060b]
[    0.000000] No NUMA configuration found
[    0.000000] Faking a node at [mem 0x0000000000000000-0x000000001ffeffff]
[    0.000000] NODE_DATA(0) allocated [mem 0x1ffc5000-0x1ffeffff]
[    0.000000] kvm-clock: cpu 0, msr 0:1ff44001, primary cpu clock
[    0.000000] kvm-clock: Using msrs 4b564d01 and 4b564d00
[    0.000000] kvm-clock: using sched offset of 3171317089 cycles
[    0.000000] clocksource: kvm-clock: mask: 0xffffffffffffffff max_cycles: 0x1cd42e4dffb, max_idle_ns: 881590591483 ns
[    0.000000] Zone ranges:
[    0.000000]   DMA      [mem 0x0000000000001000-0x0000000000ffffff]
[    0.000000]   DMA32    [mem 0x0000000001000000-0x000000001ffeffff]
[    0.000000]   Normal   empty
[    0.000000]   Device   empty
[    0.000000] Movable zone start for each node
[    0.000000] Early memory node ranges
[    0.000000]   node   0: [mem 0x0000000000001000-0x000000000009efff]
[    0.000000]   node   0: [mem 0x0000000000100000-0x000000001ffeffff]
[    0.000000] Reserved but unavailable: 104 pages
[    0.000000] Initmem setup node 0 [mem 0x0000000000001000-0x000000001ffeffff]
[    0.000000] ACPI: PM-Timer IO Port: 0x4008
[    0.000000] IOAPIC[0]: apic_id 1, version 32, address 0xfec00000, GSI 0-23
[    0.000000] ACPI: INT_SRC_OVR (bus 0 bus_irq 0 global_irq 2 dfl dfl)
[    0.000000] ACPI: INT_SRC_OVR (bus 0 bus_irq 9 global_irq 9 low level)
[    0.000000] Using ACPI (MADT) for SMP configuration information
[    0.000000] smpboot: Allowing 1 CPUs, 0 hotplug CPUs
[    0.000000] PM: Registered nosave memory: [mem 0x00000000-0x00000fff]
[    0.000000] PM: Registered nosave memory: [mem 0x0009f000-0x0009ffff]
[    0.000000] PM: Registered nosave memory: [mem 0x000a0000-0x000effff]
[    0.000000] PM: Registered nosave memory: [mem 0x000f0000-0x000fffff]
[    0.000000] e820: [mem 0x20000000-0xfebfffff] available for PCI devices
[    0.000000] Booting paravirtualized kernel on KVM
[    0.000000] clocksource: refined-jiffies: mask: 0xffffffff max_cycles: 0xffffffff, max_idle_ns: 7645519600211568 ns
[    0.000000] setup_percpu: NR_CPUS:8192 nr_cpumask_bits:1 nr_cpu_ids:1 nr_node_ids:1
[    0.000000] percpu: Embedded 50 pages/cpu s167936 r8192 d28672 u2097152
[    0.000000] PV qspinlock hash table entries: 256 (order: 0, 4096 bytes)
[    0.000000] Built 1 zonelists, mobility grouping on.  Total pages: 128889
[    0.000000] Policy zone: DMA32
[    0.000000] Kernel command line: BOOT_IMAGE=/boot/vmlinuz-4.15.0-212-generic root=LABEL=cloudimg-rootfs ro console=tty1 console=ttyS0
[    0.000000] Memory: 466748K/523832K available (12300K kernel code, 2477K rwdata, 4324K rodata, 2480K init, 2720K bss, 57084K reserved, 0K cma-reserved)
[    0.000000] SLUB: HWalign=64, Order=0-3, MinObjects=0, CPUs=1, Nodes=1
[    0.000000] Kernel/User page tables isolation: enabled
[    0.000000] ftrace: allocating 39508 entries in 155 pages
[    0.004000] Hierarchical RCU implementation.
[    0.004000] 	RCU restricting CPUs from NR_CPUS=8192 to nr_cpu_ids=1.
[    0.004000] 	Tasks RCU enabled.
[    0.004000] RCU: Adjusting geometry for rcu_fanout_leaf=16, nr_cpu_ids=1
[    0.004000] NR_IRQS: 524544, nr_irqs: 256, preallocated irqs: 16
[    0.004000] random: crng init done
[    0.004000] Console: colour VGA+ 80x25
[    0.004000] console [tty1] enabled
[    0.004000] console [ttyS0] enabled
[    0.004000] ACPI: Core revision 20170831
[    0.004000] ACPI: 2 ACPI AML tables successfully acquired and loaded
[    0.004000] APIC: Switch to symmetric I/O mode setup
[    0.004000] x2apic enabled
[    0.004000] Switched APIC routing to physical x2apic.
[    0.004000] ..TIMER: vector=0x30 apic1=0 pin1=2 apic2=-1 pin2=-1
[    0.004005] tsc: Detected 1190.400 MHz processor
[    0.004777] Calibrating delay loop (skipped) preset value.. 2380.80 BogoMIPS (lpj=4761600)
[    0.005556] pid_max: default: 32768 minimum: 301
[    0.008032] Security Framework initialized
[    0.008823] Yama: becoming mindful.
[    0.009471] AppArmor: AppArmor initialized
[    0.010364] Dentry cache hash table entries: 65536 (order: 7, 524288 bytes)
[    0.011620] Inode-cache hash table entries: 32768 (order: 6, 262144 bytes)
[    0.012019] Mount-cache hash table entries: 1024 (order: 1, 8192 bytes)
[    0.013237] Mountpoint-cache hash table entries: 1024 (order: 1, 8192 bytes)
[    0.014779] process: using mwait in idle threads
[    0.016008] Last level iTLB entries: 4KB 0, 2MB 0, 4MB 0
[    0.016899] Last level dTLB entries: 4KB 0, 2MB 0, 4MB 0, 1GB 0
[    0.017903] Spectre V1 : Mitigation: usercopy/swapgs barriers and __user pointer sanitization
[    0.019453] Spectre V2 : Mitigation: Retpolines
[    0.020003] Spectre V2 : Spectre v2 / SpectreRSB mitigation: Filling RSB on context switch
[    0.021286] Spectre V2 : Spectre v2 / SpectreRSB : Filling RSB on VMEXIT
[    0.022443] RETBleed: WARNING: Spectre v2 mitigation leaves CPU vulnerable to RETBleed attacks, data leaks possible!
[    0.024005] RETBleed: Vulnerable
[    0.024761] Speculative Store Bypass: Vulnerable
[    0.025904] MDS: Mitigation: Clear CPU buffers
[    0.026908] MMIO Stale Data: Mitigation: Clear CPU buffers
[    0.028005] SRBDS: Unknown: Dependent on hypervisor status
[    0.039189] Freeing SMP alternatives memory: 36K
[    0.151007] smpboot: CPU0: Intel(R) Core(TM) i5-1035G1 CPU @ 1.00GHz (family: 0x6, model: 0x7e, stepping: 0x5)
[    0.152000] Performance Events: unsupported p6 CPU model 126 no PMU driver, software events only.
[    0.152000] Hierarchical SRCU implementation.
[    0.152000] NMI watchdog: Perf event create on CPU 0 failed with -2
[    0.152002] NMI watchdog: Perf NMI watchdog permanently disabled
[    0.152840] smp: Bringing up secondary CPUs ...
[    0.153508] smp: Brought up 1 node, 1 CPU
[    0.154039] smpboot: Max logical packages: 1
[    0.154632] smpboot: Total of 1 processors activated (2380.80 BogoMIPS)
[    0.156083] devtmpfs: initialized
[    0.156674] x86/mm: Memory block size: 128MB
[    0.157391] evm: security.selinux
[    0.157890] evm: security.SMACK64
[    0.158375] evm: security.SMACK64EXEC
[    0.158872] evm: security.SMACK64TRANSMUTE
[    0.159430] evm: security.SMACK64MMAP
[    0.160003] evm: security.apparmor
[    0.160489] evm: security.ima
[    0.160903] evm: security.capability
[    0.161460] clocksource: jiffies: mask: 0xffffffff max_cycles: 0xffffffff, max_idle_ns: 7645041785100000 ns
[    0.162814] futex hash table entries: 256 (order: 2, 16384 bytes)
[    0.164028] pinctrl core: initialized pinctrl subsystem
[    0.164877] RTC time: 23:03:37, date: 06/18/25
[    0.165576] NET: Registered protocol family 16
[    0.166279] audit: initializing netlink subsys (disabled)
[    0.167074] audit: type=2000 audit(1750287821.739:1): state=initialized audit_enabled=0 res=1
[    0.168081] cpuidle: using governor ladder
[    0.168644] cpuidle: using governor menu
[    0.169200] ACPI: bus type PCI registered
[    0.169739] acpiphp: ACPI Hot Plug PCI Controller Driver version: 0.5
[    0.170697] PCI: Using configuration type 1 for base access
[    0.172869] HugeTLB registered 2.00 MiB page size, pre-allocated 0 pages
[    0.173929] ACPI: Added _OSI(Module Device)
[    0.174575] ACPI: Added _OSI(Processor Device)
[    0.175209] ACPI: Added _OSI(3.0 _SCP Extensions)
[    0.176003] ACPI: Added _OSI(Processor Aggregator Device)
[    0.176733] ACPI: Added _OSI(Linux-Dell-Video)
[    0.177333] ACPI: Added _OSI(Linux-Lenovo-NV-HDMI-Audio)
[    0.178032] ACPI: Added _OSI(Linux-HPI-Hybrid-Graphics)
[    0.178884] ACPI: Executed 1 blocks of module-level executable AML code
[    0.182687] ACPI: Interpreter enabled
[    0.183307] ACPI: (supports S0 S5)
[    0.183824] ACPI: Using IOAPIC for interrupt routing
[    0.184181] PCI: Using host bridge windows from ACPI; if necessary, use "pci=nocrs" and report a bug
[    0.185599] ACPI: Enabled 2 GPEs in block 00 to 07
[    0.191227] ACPI: PCI Root Bridge [PCI0] (domain 0000 [bus 00-ff])
[    0.192000] acpi PNP0A03:00: _OSC: OS supports [ASPM ClockPM Segments MSI]
[    0.192366] acpi PNP0A03:00: _OSC: not requesting OS control; OS requires [ExtendedConfig ASPM ClockPM MSI]
[    0.193629] acpi PNP0A03:00: fail to add MMCONFIG information, can't access extended PCI configuration space under this bridge.
[    0.196258] PCI host bridge to bus 0000:00
[    0.197372] pci_bus 0000:00: root bus resource [io  0x0000-0x0cf7 window]
[    0.198292] pci_bus 0000:00: root bus resource [io  0x0d00-0xffff window]
[    0.199186] pci_bus 0000:00: root bus resource [mem 0x000a0000-0x000bffff window]
[    0.200000] pci_bus 0000:00: root bus resource [mem 0x20000000-0xfdffffff window]
[    0.200002] pci_bus 0000:00: root bus resource [bus 00-ff]
[    0.202142] pci 0000:00:01.1: legacy IDE quirk: reg 0x10: [io  0x01f0-0x01f7]
[    0.203123] pci 0000:00:01.1: legacy IDE quirk: reg 0x14: [io  0x03f6]
[    0.204002] pci 0000:00:01.1: legacy IDE quirk: reg 0x18: [io  0x0170-0x0177]
[    0.204906] pci 0000:00:01.1: legacy IDE quirk: reg 0x1c: [io  0x0376]
[    0.213468] pci 0000:00:07.0: quirk: [io  0x4000-0x403f] claimed by PIIX4 ACPI
[    0.214534] pci 0000:00:07.0: quirk: [io  0x4100-0x410f] claimed by PIIX4 SMB
[    0.219258] ACPI: PCI Interrupt Link [LNKA] (IRQs 5 9 10 *11)
[    0.220145] ACPI: PCI Interrupt Link [LNKB] (IRQs 5 9 *10 11)
[    0.220963] ACPI: PCI Interrupt Link [LNKC] (IRQs 5 *9 10 11)
[    0.221790] ACPI: PCI Interrupt Link [LNKD] (IRQs 5 9 10 *11)
[    0.222808] SCSI subsystem initialized
[    0.223467] pci 0000:00:02.0: vgaarb: setting as boot VGA device
[    0.224000] pci 0000:00:02.0: vgaarb: VGA device added: decodes=io+mem,owns=io+mem,locks=none
[    0.224004] pci 0000:00:02.0: vgaarb: bridge control possible
[    0.224737] vgaarb: loaded
[    0.225145] ACPI: bus type USB registered
[    0.225773] usbcore: registered new interface driver usbfs
[    0.226473] usbcore: registered new interface driver hub
[    0.228010] usbcore: registered new device driver usb
[    0.228693] EDAC MC: Ver: 3.0.0
[    0.229346] PCI: Using ACPI for IRQ routing
[    0.230173] NetLabel: Initializing
[    0.230679] NetLabel:  domain hash size = 128
[    0.231263] NetLabel:  protocols = UNLABELED CIPSOv4 CALIPSO
[    0.232019] NetLabel:  unlabeled traffic allowed by default
[    0.232801] clocksource: Switched to clocksource kvm-clock
[    0.239634] VFS: Disk quotas dquot_6.6.0
[    0.240311] VFS: Dquot-cache hash table entries: 512 (order 0, 4096 bytes)
[    0.241329] AppArmor: AppArmor Filesystem Enabled
[    0.242053] pnp: PnP ACPI init
[    0.243267] pnp: PnP ACPI: found 3 devices
[    0.249074] clocksource: acpi_pm: mask: 0xffffff max_cycles: 0xffffff, max_idle_ns: 2085701024 ns
[    0.250337] NET: Registered protocol family 2
[    0.251004] IP idents hash table entries: 8192 (order: 4, 65536 bytes)
[    0.252042] TCP established hash table entries: 4096 (order: 3, 32768 bytes)
[    0.252991] TCP bind hash table entries: 4096 (order: 4, 65536 bytes)
[    0.253808] TCP: Hash tables configured (established 4096 bind 4096)
[    0.254624] UDP hash table entries: 256 (order: 1, 8192 bytes)
[    0.255381] UDP-Lite hash table entries: 256 (order: 1, 8192 bytes)
[    0.256305] NET: Registered protocol family 1
[    0.256926] pci 0000:00:00.0: Limiting direct PCI/PCI transfers
[    0.257694] pci 0000:00:01.0: Activating ISA DMA hang workarounds
[    0.258503] pci 0000:00:02.0: Video device with shadowed ROM at [mem 0x000c0000-0x000dffff]
[    0.259622] Unpacking initramfs...
[    0.479966] Freeing initrd memory: 19528K
[    0.480925] clocksource: tsc: mask: 0xffffffffffffffff max_cycles: 0x1128af0325d, max_idle_ns: 440795261011 ns
[    0.482272] platform rtc_cmos: registered platform RTC device (no PNP device found)
[    0.483401] Scanning for low memory corruption every 60 seconds
[    0.484631] Initialise system trusted keyrings
[    0.485351] Key type blacklist registered
[    0.485983] workingset: timestamp_bits=36 max_order=17 bucket_order=0
[    0.487584] zbud: loaded
[    0.488535] squashfs: version 4.0 (2009/01/31) Phillip Lougher
[    0.489602] fuse init (API version 7.26)
[    0.490751] Key type asymmetric registered
[    0.491394] Asymmetric key parser 'x509' registered
[    0.492188] Block layer SCSI generic (bsg) driver version 0.4 loaded (major 246)
[    0.493225] io scheduler noop registered
[    0.493834] io scheduler deadline registered
[    0.494490] io scheduler cfq registered (default)
[    0.495432] ACPI: AC Adapter [AC] (on-line)
[    0.496183] input: Power Button as /devices/LNXSYSTM:00/LNXPWRBN:00/input/input0
[    0.497165] ACPI: Power Button [PWRF]
[    0.497790] input: Sleep Button as /devices/LNXSYSTM:00/LNXSLPBN:00/input/input1
[    0.498773] ACPI: Sleep Button [SLPF]
[    0.500184] ACPI: Battery Slot [BAT0] (battery present)
[    0.501105] Serial: 8250/16550 driver, 32 ports, IRQ sharing enabled
[    0.523708] 00:02: ttyS0 at I/O 0x3f8 (irq = 4, base_baud = 115200) is a 16550A
[    0.525783] Linux agpgart interface v0.103
[    0.527194] loop: module loaded
[    0.527977] scsi host0: ata_piix
[    0.528541] scsi host1: ata_piix
[    0.529038] ata1: PATA max UDMA/33 cmd 0x1f0 ctl 0x3f6 bmdma 0xd000 irq 14
[    0.529880] ata2: PATA max UDMA/33 cmd 0x170 ctl 0x376 bmdma 0xd008 irq 15
[    0.531056] tun: Universal TUN/TAP device driver, 1.6
[    0.531763] PPP generic driver version 2.4.2
[    0.532408] ehci_hcd: USB 2.0 'Enhanced' Host Controller (EHCI) Driver
[    0.533270] ehci-pci: EHCI PCI platform driver
[    0.533899] ehci-platform: EHCI generic platform driver
[    0.534635] ohci_hcd: USB 1.1 'Open' Host Controller (OHCI) Driver
[    0.535476] ohci-pci: OHCI PCI platform driver
[    0.536076] ohci-platform: OHCI generic platform driver
[    0.536767] uhci_hcd: USB Universal Host Controller Interface driver
[    0.537586] i8042: PNP: PS/2 Controller [PNP0303:PS2K,PNP0f03:PS2M] at 0x60,0x64 irq 1,12
[    0.539034] serio: i8042 KBD port at 0x60,0x64 irq 1
[    0.539772] serio: i8042 AUX port at 0x60,0x64 irq 12
[    0.540522] mousedev: PS/2 mouse device common for all mice
[    0.541497] input: AT Translated Set 2 keyboard as /devices/platform/i8042/serio0/input/input2
[    0.542912] rtc_cmos rtc_cmos: rtc core: registered rtc_cmos as rtc0
[    0.543774] rtc_cmos rtc_cmos: alarms up to one day, 114 bytes nvram
[    0.544643] i2c /dev entries driver
[    0.545167] device-mapper: uevent: version 1.0.3
[    0.545876] device-mapper: ioctl: 4.37.0-ioctl (2017-09-20) initialised: dm-devel@redhat.com
[    0.546940] ledtrig-cpu: registered to indicate activity on CPUs
[    0.547879] NET: Registered protocol family 10
[    0.551090] Segment Routing with IPv6
[    0.551703] NET: Registered protocol family 17
[    0.552397] Key type dns_resolver registered
[    0.553109] mce: Using 0 MCE banks
[    0.553642] RAS: Correctable Errors collector initialized.
[    0.554406] sched_clock: Marking stable (552365914, 0)->(686240691, -133874777)
[    0.555508] registered taskstats version 1
[    0.556119] Loading compiled-in X.509 certificates
[    0.558416] Loaded X.509 cert 'Build time autogenerated kernel key: b5b26778eaa3ab3a4a6cee031137706e947d12ad'
[    0.560298] Loaded X.509 cert 'Canonical Ltd. Live Patch Signing: 14df34d1a87cf37625abec039ef2bf521249b969'
[    0.562119] Loaded X.509 cert 'Canonical Ltd. Kernel Module Signing: 88f752e560a1e0737e31163a466ad7b70a850c19'
[    0.563439] blacklist: Loading compiled-in revocation X.509 certificates
[    0.564428] Loaded X.509 cert 'Canonical Ltd. Secure Boot Signing: 61482aa2830d0ab2ad5af10b7250da9033ddcef0'
[    0.565761] Loaded X.509 cert 'Canonical Ltd. Secure Boot Signing (2017): 242ade75ac4a15e50d50c84b0d45ff3eae707a03'
[    0.567109] Loaded X.509 cert 'Canonical Ltd. Secure Boot Signing (ESM 2018): 365188c1d374d6b07c3c8f240f8ef722433d6a8b'
[    0.568583] Loaded X.509 cert 'Canonical Ltd. Secure Boot Signing (2019): c0746fd6c5da3ae827864651ad66ae47fe24b3e8'
[    0.569992] Loaded X.509 cert 'Canonical Ltd. Secure Boot Signing (2021 v1): a8d54bbb3825cfb94fa13c9f8a594a195c107b8d'
[    0.571411] Loaded X.509 cert 'Canonical Ltd. Secure Boot Signing (2021 v2): 4cf046892d6fd3c9a5b03f98d845f90851dc6a8c'
[    0.572851] Loaded X.509 cert 'Canonical Ltd. Secure Boot Signing (2021 v3): 100437bb6de6e469b581e61cd66bce3ef4ed53af'
[    0.574381] Loaded X.509 cert 'Canonical Ltd. Secure Boot Signing (Ubuntu Core 2019): c1d57b8f6b743f23ee41f4f7ee292f06eecadfb9'
[    0.576080] zswap: loaded using pool lzo/zbud
[    0.578940] Key type big_key registered
[    0.579580] Key type trusted registered
[    0.581190] Key type encrypted registered
[    0.581766] AppArmor: AppArmor sha1 policy hashing enabled
[    0.582494] ima: No TPM chip found, activating TPM-bypass! (rc=-19)
[    0.583314] ima: Allocated hash algorithm: sha1
[    0.583927] evm: HMAC attrs: 0x1
[    0.584662]   Magic number: 13:307:100
[    0.585290] rtc_cmos rtc_cmos: setting system clock to 2025-06-18 23:03:37 UTC (1750287817)
[    0.586455] BIOS EDD facility v0.16 2004-Jun-25, 0 devices found
[    0.587306] EDD information not available.
[    0.711243] Freeing unused kernel image memory: 2480K
[    0.720210] Write protecting the kernel read-only data: 20480k
[    0.721454] Freeing unused kernel image memory: 2008K
[    0.722460] Freeing unused kernel image memory: 1820K
[    0.727372] x86/mm: Checked W+X mappings: passed, no W+X pages found.
[    0.728237] x86/mm: Checking user space page tables
[    0.732709] x86/mm: Checked W+X mappings: passed, no W+X pages found.
Loading, please wait...
starting version 237
[    0.800329] e1000: Intel(R) PRO/1000 Network Driver - version 7.3.21-k8-NAPI
[    0.801412] e1000: Copyright (c) 1999-2006 Intel Corporation.
[    0.805521] Fusion MPT base driver 3.04.20
[    0.806221] Copyright (c) 1999-2008 LSI Corporation
[    0.809286] Fusion MPT SPI Host driver 3.04.20
[    0.833899] AVX2 version of gcm_enc/dec engaged.
[    0.834690] AES CTR mode by8 optimization enabled
[    1.024854] input: ImExPS/2 Generic Explorer Mouse as /devices/platform/i8042/serio1/input/input4
[    1.179235] e1000 0000:00:03.0 eth0: (PCI:33MHz:32-bit) 02:3b:7b:b7:3b:2d
[    1.180261] e1000 0000:00:03.0 eth0: Intel(R) PRO/1000 Network Connection
[    1.181956] mptbase: ioc0: Initiating bringup
[    1.288450] ioc0: LSI53C1030 A0: Capabilities={Initiator}
[    1.529031] scsi host2: ioc0: LSI53C1030 A0, FwRev=00000000h, Ports=1, MaxQ=256, IRQ=20
[    1.696563] scsi 2:0:0:0: Direct-Access     VBOX     HARDDISK         1.0  PQ: 0 ANSI: 5
[    1.709747] scsi target2:0:0: Beginning Domain Validation
[    1.712268] scsi target2:0:0: Domain Validation skipping write tests
[    1.713297] scsi target2:0:0: Ending Domain Validation
[    1.714128] scsi target2:0:0: asynchronous
[    1.715041] scsi 2:0:1:0: Direct-Access     VBOX     HARDDISK         1.0  PQ: 0 ANSI: 5
[    1.716399] scsi target2:0:1: Beginning Domain Validation
[    1.717830] scsi target2:0:1: Domain Validation skipping write tests
[    1.718865] scsi target2:0:1: Ending Domain Validation
[    1.719782] scsi target2:0:1: asynchronous
[    1.723011] sd 2:0:0:0: [sda] 83886080 512-byte logical blocks: (42.9 GB/40.0 GiB)
[    1.724624] sd 2:0:0:0: [sda] Write Protect is off
[    1.725524] sd 2:0:0:0: Attached scsi generic sg0 type 0
[    1.726684] sd 2:0:0:0: [sda] Incomplete mode parameter data
[    1.727684] sd 2:0:0:0: [sda] Assuming drive cache: write through
[    1.729067] sd 2:0:1:0: Attached scsi generic sg1 type 0
[    1.730477] sd 2:0:1:0: [sdb] 20480 512-byte logical blocks: (10.5 MB/10.0 MiB)
[    1.732018] sd 2:0:1:0: [sdb] Write Protect is off
[    1.733315] sd 2:0:1:0: [sdb] Incomplete mode parameter data
[    1.734360] sd 2:0:1:0: [sdb] Assuming drive cache: write through
[    1.736735]  sda: sda1
[    1.738166] sd 2:0:0:0: [sda] Attached SCSI disk
[    1.738952] sd 2:0:1:0: [sdb] Attached SCSI disk
[    2.067171] e1000 0000:00:08.0 eth1: (PCI:33MHz:32-bit) 08:00:27:5e:c6:65
[    2.068330] e1000 0000:00:08.0 eth1: Intel(R) PRO/1000 Network Connection
[    2.070386] e1000 0000:00:08.0 enp0s8: renamed from eth1
[    2.072649] e1000 0000:00:03.0 enp0s3: renamed from eth0
Begin: Loading essential drivers ... [    3.446565] raid6: sse2x1   gen() 15184 MB/s
[    3.521175] raid6: sse2x1   xor() 11427 MB/s
[    3.582284] raid6: sse2x2   gen() 18650 MB/s
[    3.650596] raid6: sse2x2   xor() 14768 MB/s
[    3.719390] raid6: sse2x4   gen() 23373 MB/s
[    3.783880] raid6: sse2x4   xor() 12679 MB/s
[    3.849274] raid6: avx2x1   gen() 31143 MB/s
[    3.917783] raid6: avx2x1   xor() 20802 MB/s
[    3.982471] raid6: avx2x2   gen() 38294 MB/s
[    4.046507] raid6: avx2x2   xor() 26086 MB/s
[    4.112268] raid6: avx2x4   gen() 38497 MB/s
[    4.173810] raid6: avx2x4   xor() 24002 MB/s
[    4.174544] raid6: using algorithm avx2x4 gen() 38497 MB/s
[    4.175319] raid6: .... xor() 24002 MB/s, rmw enabled
[    4.176038] raid6: using avx2x2 recovery algorithm
[    4.178270] xor: automatically using best checksumming function   avx       
[    4.180575] async_tx: api initialized (async)
done.
Begin: Running /scripts/init-premount ... done.
Begin: Mounting root file system ... Begin: Running /scripts/local-top ... done.
Begin: Running /scripts/local-premount ... [    4.222454] Btrfs loaded, crc32c=crc32c-intel
Scanning for Btrfs filesystems
done.
Warning: fsck not present, so skipping root file system
[    4.257937] EXT4-fs (sda1): INFO: recovery required on readonly filesystem
[    4.258895] EXT4-fs (sda1): write access will be enabled during recovery
[    4.359364] EXT4-fs (sda1): recovery complete
[    4.361330] EXT4-fs (sda1): mounted filesystem with ordered data mode. Opts: (null)
done.
Begin: Running /scripts/local-bottom ... done.
Begin: Running /scripts/init-bottom ... done.
[    4.532978] ip_tables: (C) 2000-2006 Netfilter Core Team
[    4.541613] systemd[1]: systemd 237 running in system mode. (+PAM +AUDIT +SELINUX +IMA +APPARMOR +SMACK +SYSVINIT +UTMP +LIBCRYPTSETUP +GCRYPT +GNUTLS +ACL +XZ +LZ4 +SECCOMP +BLKID +ELFUTILS +KMOD -IDN2 +IDN -PCRE2 default-hierarchy=hybrid)
[    4.544348] systemd[1]: Detected virtualization oracle.
[    4.545124] systemd[1]: Detected architecture x86-64.

Welcome to [1mUbuntu 18.04.6 LTS[0m!

[    4.548313] systemd[1]: Set hostname to <db01>.
[    4.794118] systemd[1]: Set up automount Arbitrary Executable File Formats File System Automount Point.
[[0;32m  OK  [0m] Set up automount Arbitrary Executabâ€¦rmats File System Automount Point.
[    4.796515] systemd[1]: Started Forward Password Requests to Wall Directory Watch.
[[0;32m  OK  [0m] Started Forward Password Requests to Wall Directory Watch.
[    4.798291] systemd[1]: Reached target Swap.
[[0;32m  OK  [0m] Reached target Swap.
[    4.799423] systemd[1]: Reached target Mounting snaps.
[[0;32m  OK  [0m] Reached target Mounting snaps.
[    4.800727] systemd[1]: Reached target Mounted snaps.
[[0;32m  OK  [0m] Reached target Mounted snaps.
[    4.802493] systemd[1]: Created slice User and Session Slice.
[[0;32m  OK  [0m] Created slice User and Session Slice.
[[0;32m  OK  [0m] Created slice System Slice.
[[0;32m  OK  [0m] Listening on Journal Socket.
         Starting Set the console keyboard layout...
[[0;32m  OK  [0m] Listening on Syslog Socket.
         Starting Uncomplicated firewall...
[[0;32m  OK  [0m] Listening on fsck to fsckd communication Socket.
         Starting File System Check on Root Device...
         Mounting Kernel Debug File System...
[[0;32m  OK  [0m] Listening on Journal Socket (/dev/log).
[[0;32m  OK  [0m] Listening on Network Service Netlink Socket.
[[0;32m  OK  [0m] Listening on Device-mapper event daemon FIFOs.
[[0;32m  OK  [0m] Listening on LVM2 metadata daemon socket.
         Starting Monitoring of LVM2 mirrorsâ€¦ng dmeventd or progress polling...
         Mounting Huge Pages File System...
[[0;32m  OK  [0m] Reached target System Time Synchronized.
         Starting Load Kernel Modules...
[[0;32m  OK  [0m] Listening on LVM2 poll daemon socket.
         Starting Create list of required stâ€¦ce nodes for the current kernel...
[[0;32m  OK  [0m] Listening on udev Control Socket.
[[0;32m  OK  [0m] Listening on udev Kernel Socket.
         Starting udev Coldplug all Devices...
[[0;32m  OK  [0m] Reached target User and Group Name Lookups.
[[0;32m  OK  [0m] Created slice system-serial\x2dgetty.slice.
[[0;32m  OK  [0m] Listening on Journal Audit Socket.
         Mounting POSIX Message Queue File System...
[[0;32m  OK  [0m] Listening on /dev/initctl Compatibility Named Pipe.
[[0;32m  OK  [0m] Reached target Slices.
         Starting Journal Service...
[[0;32m  OK  [0m] Started Uncomplicated firewall.
[[0;32m  OK  [0m] Mounted Kernel Debug File System.
[[0;32m  OK  [0m] Mounted Huge Pages File System.
[[0;32m  OK  [0m] Mounted POSIX Message Queue File System.
[    4.902877] Loading iSCSI transport class v2.0-870.
[[0;32m  OK  [0m] Started File System Check Daemon to report status.
[[0;32m  OK  [0m] Started Create list of required staâ€¦vice nodes for the current kernel.
         Starting Create Static Device Nodes in /dev...
[[0;32m  OK  [0m] Started File System Check on Root Device.
         Starting Remount Root and Kernel File Systems...
[[0;32m  OK  [0m] Started udev Coldplug all Devices.
[[0;32m  OK  [0m] Started LVM2 metadata daemon.
[[0;32m  OK  [0m] Started Journal Service.
[    5.000463] iscsi: registered transport (tcp)
[    5.017606] iscsi: registered transport (iser)
[[0;32m  OK  [0m] Started Load Kernel Modules.
         Mounting Kernel Configuration File System...
         Mounting FUSE Control File System...
         Starting Apply Kernel Variables...
[[0;32m  OK  [0m] Mounted FUSE Control File System.
[[0;32m  OK  [0m] Mounted Kernel Configuration File System.
[[0;32m  OK  [0m] Started Remount Root and Kernel File Systems.
         Starting Flush Journal to Persistent Storage...
         Starting Load/Save Random Seed...
[[0;32m  OK  [0m] Started Set the console keyboard layout.
[[0;32m  OK  [0m] Started Create Static Device Nodes in /dev.
[[0;32m  OK  [0m] Started Apply Kernel Variables.
[[0;32m  OK  [0m] Started Load/Save Random Seed.
         Starting udev Kernel Device Manager...
[[0;32m  OK  [0m] Started Monitoring of LVM2 mirrors,â€¦sing dmeventd or progress polling.
[[0;32m  OK  [0m] Reached target Local File Systems (Pre).
[[0;32m  OK  [0m] Reached target Local File Systems.
         Starting Set console font and keymap...
         Starting Tell Plymouth To Write Out Runtime Data...
         Starting ebtables ruleset management...
         Starting AppArmor initialization...
[[0;32m  OK  [0m] Started udev Kernel Device Manager.
[[0;32m  OK  [0m] Started Dispatch Password Requests to Console Directory Watch.
[[0;32m  OK  [0m] Reached target Local Encrypted Volumes.
[[0;32m  OK  [0m] Started Set console font and keymap.
[[0;32m  OK  [0m] Started Tell Plymouth To Write Out Runtime Data.
[[0;32m  OK  [0m] Started Flush Journal to Persistent Storage.
         Starting Create Volatile Files and Directories...
[[0;32m  OK  [0m] Started Create Volatile Files and Directories.
         Starting Update UTMP about System Boot/Shutdown...
[[0;32m  OK  [0m] Started Update UTMP about System Boot/Shutdown.
[[0;32m  OK  [0m] Found device /dev/ttyS0.
[[0;32m  OK  [0m] Started ebtables ruleset management.
[[0;32m  OK  [0m] Listening on Load/Save RF Kill Switch Status /dev/rfkill Watch.
[[0;32m  OK  [0m] Started AppArmor initialization.
         Starting Load AppArmor profiles managed internally by snapd...
         Starting Initial cloud-init job (pre-networking)...
         Mounting Arbitrary Executable File Formats File System...
[[0;32m  OK  [0m] Mounted Arbitrary Executable File Formats File System.
[[0;32m  OK  [0m] Started Load AppArmor profiles managed internally by snapd.
[    6.833423] cloud-init[554]: Cloud-init v. 23.1.2-0ubuntu0~18.04.1 running 'init-local' at Wed, 18 Jun 2025 23:03:43 +0000. Up 6.71 seconds.
[[0;32m  OK  [0m] Started Initial cloud-init job (pre-networking).
[[0;32m  OK  [0m] Reached target Network (Pre).
         Starting Network Service...
[[0;32m  OK  [0m] Started Network Service.
         Starting Network Name Resolution...
         Starting Wait for Network to be Configured...
[[0;32m  OK  [0m] Started Network Name Resolution.
[[0;32m  OK  [0m] Reached target Network.
[[0;32m  OK  [0m] Reached target Host and Network Name Lookups.
[[0;32m  OK  [0m] Started Wait for Network to be Configured.
         Starting Initial cloud-init job (metadata service crawler)...
[    8.945431] cloud-init[662]: Cloud-init v. 23.1.2-0ubuntu0~18.04.1 running 'init' at Wed, 18 Jun 2025 23:03:45 +0000. Up 8.82 seconds.
[    8.946606] cloud-init[662]: ci-info: ++++++++++++++++++++++++++++++++++++++Net device info+++++++++++++++++++++++++++++++++++++++
[    8.947433] cloud-init[662]: ci-info: +--------+------+-----------------------------+---------------+--------+-------------------+
[    8.961387] cloud-init[662]: ci-info: | Device |  Up  |           Address           |      Mask     | Scope  |     Hw-Address    |
[    8.962458] cloud-init[662]: ci-info: +--------+------+-----------------------------+---------------+--------+-------------------+
[    8.963434] cloud-init[662]: ci-info: | enp0s3 | True |          10.0.2.15          | 255.255.255.0 | global | 02:3b:7b:b7:3b:2d |
[    8.964563] cloud-init[662]: ci-info: | enp0s3 | True |  fe80::3b:7bff:feb7:3b2d/64 |       .       |  link  | 02:3b:7b:b7:3b:2d |
[    8.967287] cloud-init[662]: ci-info: | enp0s8 | True |        192.168.33.12        | 255.255.255.0 | global | 08:00:27:5e:c6:65 |
[    8.968481] cloud-init[662]: ci-info: | enp0s8 | True | fe80::a00:27ff:fe5e:c665/64 |       .       |  link  | 08:00:27:5e:c6:65 |
[    8.971996] cloud-init[662]: ci-info: |   lo   | True |          127.0.0.1          |   255.0.0.0   |  host  |         .         |
[    8.973375] cloud-init[662]: ci-info: |   lo   | True |           ::1/128           |       .       |  host  |         .         |
[    8.976147] cloud-init[662]: ci-info: +--------+------+-----------------------------+---------------+--------+-------------------+
[    8.980322] cloud-init[662]: ci-info: +++++++++++++++++++++++++++++Route IPv4 info+++++++++++++++++++++++++++++
[    8.981131] cloud-init[662]: ci-info: +-------+--------------+----------+-----------------+-----------+-------+
[    8.982028] cloud-init[662]: ci-info: | Route | Destination  | Gateway  |     Genmask     | Interface | Flags |
[    8.982949] cloud-init[662]: ci-info: +-------+--------------+----------+-----------------+-----------+-------+
[    8.984031] cloud-init[662]: ci-info: |   0   |   0.0.0.0    | 10.0.2.2 |     0.0.0.0     |   enp0s3  |   UG  |
[    8.988763] cloud-init[662]: ci-info: |   1   |   10.0.2.0   | 0.0.0.0  |  255.255.255.0  |   enp0s3  |   U   |
[    8.989660] cloud-init[662]: ci-info: |   2   |   10.0.2.2   | 0.0.0.0  | 255.255.255.255 |   enp0s3  |   UH  |
[    8.990605] cloud-init[662]: ci-info: |   3   | 192.168.33.0 | 0.0.0.0  |  255.255.255.0  |   enp0s8  |   U   |
[    8.993668] cloud-init[662]: ci-info: +-------+--------------+----------+-----------------+-----------+-------+
[    8.996565] cloud-init[662]: ci-info: +++++++++++++++++++Route IPv6 info+++++++++++++++++++
[    8.999258] cloud-init[662]: ci-info: +-------+-------------+---------+-----------+-------+
[    9.000382] cloud-init[662]: ci-info: | Route | Destination | Gateway | Interface | Flags |
[    9.003488] cloud-init[662]: ci-info: +-------+-------------+---------+-----------+-------+
[    9.004397] cloud-init[662]: ci-info: |   1   |  fe80::/64  |    ::   |   enp0s3  |   U   |
[    9.005530] cloud-init[662]: ci-info: |   2   |  fe80::/64  |    ::   |   enp0s8  |   U   |
[    9.020170] cloud-init[662]: ci-info: |   4   |    local    |    ::   |   enp0s3  |   U   |
[    9.020843] cloud-init[662]: ci-info: |   5   |    local    |    ::   |   enp0s8  |   U   |
[    9.021810] cloud-init[662]: ci-info: |   6   |   ff00::/8  |    ::   |   enp0s3  |   U   |
[    9.022649] cloud-init[662]: ci-info: |   7   |   ff00::/8  |    ::   |   enp0s8  |   U   |
[    9.024149] cloud-init[662]: ci-info: +-------+-------------+---------+-----------+-------+
[[0;32m  OK  [0m] Started Initial cloud-init job (metadata service crawler).
[[0;32m  OK  [0m] Reached target Network is Online.
[[0;32m  OK  [0m] Reached target Remote File Systems (Pre).
         Starting Availability of block devices...
         Mounting /vagrant...
[[0;32m  OK  [0m] Reached target Cloud-config availability.
[[0;32m  OK  [0m] Reached target System Initialization.
[[0;32m  OK  [0m] Listening on Open-iSCSI iscsid Socket.
[[0;32m  OK  [0m] Started Discard unused blocks once a week.
[[0;32m  OK  [0m] Listening on ACPID Listen Socket.
         Starting Socket activation for snappy daemon.
[[0;32m  OK  [0m] Listening on cloud-init hotplug hook socket.
[[0;32m  OK  [0m] Started Daily Cleanup of Temporary Directories.
[[0;32m  OK  [0m] Started Daily apt download activities.
[[0;32m  OK  [0m] Started Daily apt upgrade and clean activities.
[[0;32m  OK  [0m] Started ACPI Events Check.
[[0;32m  OK  [0m] Reached target Paths.
[[0;32m  OK  [0m] Started Message of the Day.
[[0;32m  OK  [0m] Listening on UUID daemon activation socket.
[[0;32m  OK  [0m] Listening on D-Bus System Message Bus Socket.
         Starting LXD - unix socket.
[[0;32m  OK  [0m] Started Ubuntu Advantage Timer for running repeated jobs.
[[0;32m  OK  [0m] Reached target Timers.
[[0;32m  OK  [0m] Started Availability of block devices.
[[0;32m  OK  [0m] Mounted /vagrant.
[[0;32m  OK  [0m] Listening on Socket activation for snappy daemon.
[[0;32m  OK  [0m] Listening on LXD - unix socket.
[[0;32m  OK  [0m] Reached target Sockets.
[[0;32m  OK  [0m] Reached target Basic System.
[[0;32m  OK  [0m] Started D-Bus System Message Bus.
[[0;32m  OK  [0m] Reached target Login Prompts (Pre).
[[0;32m  OK  [0m] Started Regular background program processing daemon.
         Starting LXD - container startup/shutdown...
         Starting Accounts Service...
         Starting System Logging Service...
[[0;32m  OK  [0m] Started Deferred execution scheduler.
         Starting LSB: Record successful boot for GRUB...
[[0;32m  OK  [0m] Started irqbalance daemon.
[[0;32m  OK  [0m] Started FUSE filesystem for LXC.
         Starting A high performance web server and a reverse proxy server...
         Starting Dispatcher daemon for systemd-networkd...
         Starting Login Service...
         Starting Virtualbox guest utils...
         Starting OpenBSD Secure Shell server...
         Starting Snap Daemon...
[[0;32m  OK  [0m] Reached target Remote File Systems.
         Starting LSB: automatic crash report generation...
         Starting Permit User Sessions...
[[0;32m  OK  [0m] Started System Logging Service.
[[0;32m  OK  [0m] Started Login Service.
[[0;32m  OK  [0m] Started Unattended Upgrades Shutdown.
[[0;32m  OK  [0m] Started Permit User Sessions.
         Starting Terminate Plymouth Boot Screen...
         Starting Hold until boot process finishes up...
         Starting Authorization Manager...
[[0;32m  OK  [0m] Started Hold until boot process finishes up.
         Starting Set console scheme...
[[0;32m  OK  [0m] Started Serial Getty on ttyS0.
[[0;32m  OK  [0m] Started Terminate Plymouth Boot Screen.
[[0;32m  OK  [0m] Started Authorization Manager.
[[0;32m  OK  [0m] Started Accounts Service.
[[0;32m  OK  [0m] Started Set console scheme.
[[0;32m  OK  [0m] Created slice system-getty.slice.
[[0;32m  OK  [0m] Started Getty on tty1.
[[0;32m  OK  [0m] Reached target Login Prompts.
[[0;32m  OK  [0m] Started Virtualbox guest utils.
[[0;32m  OK  [0m] Started OpenBSD Secure Shell server.
[[0;32m  OK  [0m] Started LXD - container startup/shutdown.
[[0;32m  OK  [0m] Started LSB: Record successful boot for GRUB.
[[0;32m  OK  [0m] Started LSB: automatic crash report generation.
[[0;32m  OK  [0m] Started A high performance web server and a reverse proxy server.
[[0;32m  OK  [0m] Started Dispatcher daemon for systemd-networkd.
[[0;32m  OK  [0m] Started Snap Daemon.
         Starting Wait until snapd is fully seeded...
         Starting Time & Date Service...
[[0;32m  OK  [0m] Started Time & Date Service.
[[0;32m  OK  [0m] Started Wait until snapd is fully seeded.
         Starting Apply the settings specified in cloud-config...
[   10.911636] cloud-init[1156]: Cloud-init v. 23.1.2-0ubuntu0~18.04.1 running 'modules:config' at Wed, 18 Jun 2025 23:03:47 +0000. Up 10.81 seconds.
[[0;32m  OK  [0m] Started Apply the settings specified in cloud-config.
[[0;32m  OK  [0m] Reached target Multi-User System.
[[0;32m  OK  [0m] Reached target Graphical Interface.
         Starting Update UTMP about System Runlevel Changes...
         Starting Execute cloud user/final scripts...
[[0;32m  OK  [0m] Started Update UTMP about System Runlevel Changes.
[   11.374533] cloud-init[1198]: Cloud-init v. 23.1.2-0ubuntu0~18.04.1 running 'modules:final' at Wed, 18 Jun 2025 23:03:48 +0000. Up 11.26 seconds.
[   11.375633] cloud-init[1198]: Cloud-init v. 23.1.2-0ubuntu0~18.04.1 finished at Wed, 18 Jun 2025 23:03:48 +0000. Datasource DataSourceNoCloud [seed=/dev/sdb][dsmode=net].  Up 11.36 seconds
[[0;32m  OK  [0m] Started Execute cloud user/final scripts.
[[0;32m  OK  [0m] Reached target Cloud-init target.

Ubuntu 18.04.6 LTS db01 ttyS0

db01 login: 