[    0.000000] Linux version 4.15.0-212-generic (buildd@lcy02-amd64-083) (gcc version 7.5.0 (Ubuntu 7.5.0-3ubuntu1~18.04)) #223-Ubuntu SMP Tue May 23 13:09:22 UTC 2023 (Ubuntu 4.15.0-212.223-generic 4.15.18)
[    0.000000] Command line: BOOT_IMAGE=/boot/vmlinuz-4.15.0-212-generic root=LABEL=cloudimg-rootfs ro console=tty1 console=ttyS0
[    0.000000] KERNEL supported cpus:
[    0.000000]   Intel GenuineIntel
[    0.000000]   AMD AuthenticAMD
[    0.000000]   Centaur CentaurHauls
[    0.000000] x86/fpu: Supporting XSAVE feature 0x001: 'x87 floating point registers'
[    0.000000] x86/fpu: Supporting XSAVE feature 0x002: 'SSE registers'
[    0.000000] x86/fpu: Supporting XSAVE feature 0x004: 'AVX registers'
[    0.000000] x86/fpu: xstate_offset[2]:  576, xstate_sizes[2]:  256
[    0.000000] x86/fpu: Enabled xstate features 0x7, context size is 832 bytes, using 'standard' format.
[    0.000000] e820: BIOS-provided physical RAM map:
[    0.000000] BIOS-e820: [mem 0x0000000000000000-0x000000000009fbff] usable
[    0.000000] BIOS-e820: [mem 0x000000000009fc00-0x000000000009ffff] reserved
[    0.000000] BIOS-e820: [mem 0x00000000000f0000-0x00000000000fffff] reserved
[    0.000000] BIOS-e820: [mem 0x0000000000100000-0x000000001ffeffff] usable
[    0.000000] BIOS-e820: [mem 0x000000001fff0000-0x000000001fffffff] ACPI data
[    0.000000] BIOS-e820: [mem 0x00000000fec00000-0x00000000fec00fff] reserved
[    0.000000] BIOS-e820: [mem 0x00000000fee00000-0x00000000fee00fff] reserved
[    0.000000] BIOS-e820: [mem 0x00000000fffc0000-0x00000000ffffffff] reserved
[    0.000000] NX (Execute Disable) protection: active
[    0.000000] SMBIOS 2.5 present.
[    0.000000] DMI: innotek GmbH VirtualBox/VirtualBox, BIOS VirtualBox 12/01/2006
[    0.000000] Hypervisor detected: KVM
[    0.000000] e820: last_pfn = 0x1fff0 max_arch_pfn = 0x400000000
[    0.000000] MTRR: Disabled
[    0.000000] x86/PAT: MTRRs disabled, skipping PAT initialization too.
[    0.000000] CPU MTRRs all blank - virtualized system.
[    0.000000] x86/PAT: Configuration [0-7]: WB  WT  UC- UC  WB  WT  UC- UC  
[    0.000000] found SMP MP-table at [mem 0x0009fff0-0x0009ffff]
[    0.000000] Scanning 1 areas for low memory corruption
[    0.000000] RAMDISK: [mem 0x1db01000-0x1ee12fff]
[    0.000000] ACPI: Early table checksum verification disabled
[    0.000000] ACPI: RSDP 0x00000000000E0000 000024 (v02 VBOX  )
[    0.000000] ACPI: XSDT 0x000000001FFF0030 00003C (v01 VBOX   VBOXXSDT 00000001 ASL  00000061)
[    0.000000] ACPI: FACP 0x000000001FFF00F0 0000F4 (v04 VBOX   VBOXFACP 00000001 ASL  00000061)
[    0.000000] ACPI: DSDT 0x000000001FFF0610 002353 (v02 VBOX   VBOXBIOS 00000002 INTL 20230628)
[    0.000000] ACPI: FACS 0x000000001FFF0200 000040
[    0.000000] ACPI: FACS 0x000000001FFF0200 000040
[    0.000000] ACPI: APIC 0x000000001FFF0240 000054 (v02 VBOX   VBOXAPIC 00000001 ASL  00000061)
[    0.000000] ACPI: SSDT 0x000000001FFF02A0 00036C (v01 VBOX   VBOXCPUT 00000002 INTL 20230628)
[    0.000000] ACPI: Reserving FACP table memory at [mem 0x1fff00f0-0x1fff01e3]
[    0.000000] ACPI: Reserving DSDT table memory at [mem 0x1fff0610-0x1fff2962]
[    0.000000] ACPI: Reserving FACS table memory at [mem 0x1fff0200-0x1fff023f]
[    0.000000] ACPI: Reserving FACS table memory at [mem 0x1fff0200-0x1fff023f]
[    0.000000] ACPI: Reserving APIC table memory at [mem 0x1fff0240-0x1fff0293]
[    0.000000] ACPI: Reserving SSDT table memory at [mem 0x1fff02a0-0x1fff060b]
[    0.000000] No NUMA configuration found
[    0.000000] Faking a node at [mem 0x0000000000000000-0x000000001ffeffff]
[    0.000000] NODE_DATA(0) allocated [mem 0x1ffc5000-0x1ffeffff]
[    0.000000] kvm-clock: cpu 0, msr 0:1ff44001, primary cpu clock
[    0.000000] kvm-clock: Using msrs 4b564d01 and 4b564d00
[    0.000000] kvm-clock: using sched offset of 3241746512 cycles
[    0.000000] clocksource: kvm-clock: mask: 0xffffffffffffffff max_cycles: 0x1cd42e4dffb, max_idle_ns: 881590591483 ns
[    0.000000] Zone ranges:
[    0.000000]   DMA      [mem 0x0000000000001000-0x0000000000ffffff]
[    0.000000]   DMA32    [mem 0x0000000001000000-0x000000001ffeffff]
[    0.000000]   Normal   empty
[    0.000000]   Device   empty
[    0.000000] Movable zone start for each node
[    0.000000] Early memory node ranges
[    0.000000]   node   0: [mem 0x0000000000001000-0x000000000009efff]
[    0.000000]   node   0: [mem 0x0000000000100000-0x000000001ffeffff]
[    0.000000] Reserved but unavailable: 104 pages
[    0.000000] Initmem setup node 0 [mem 0x0000000000001000-0x000000001ffeffff]
[    0.000000] ACPI: PM-Timer IO Port: 0x4008
[    0.000000] IOAPIC[0]: apic_id 1, version 32, address 0xfec00000, GSI 0-23
[    0.000000] ACPI: INT_SRC_OVR (bus 0 bus_irq 0 global_irq 2 dfl dfl)
[    0.000000] ACPI: INT_SRC_OVR (bus 0 bus_irq 9 global_irq 9 low level)
[    0.000000] Using ACPI (MADT) for SMP configuration information
[    0.000000] smpboot: Allowing 1 CPUs, 0 hotplug CPUs
[    0.000000] PM: Registered nosave memory: [mem 0x00000000-0x00000fff]
[    0.000000] PM: Registered nosave memory: [mem 0x0009f000-0x0009ffff]
[    0.000000] PM: Registered nosave memory: [mem 0x000a0000-0x000effff]
[    0.000000] PM: Registered nosave memory: [mem 0x000f0000-0x000fffff]
[    0.000000] e820: [mem 0x20000000-0xfebfffff] available for PCI devices
[    0.000000] Booting paravirtualized kernel on KVM
[    0.000000] clocksource: refined-jiffies: mask: 0xffffffff max_cycles: 0xffffffff, max_idle_ns: 7645519600211568 ns
[    0.000000] setup_percpu: NR_CPUS:8192 nr_cpumask_bits:1 nr_cpu_ids:1 nr_node_ids:1
[    0.000000] percpu: Embedded 50 pages/cpu s167936 r8192 d28672 u2097152
[    0.000000] PV qspinlock hash table entries: 256 (order: 0, 4096 bytes)
[    0.000000] Built 1 zonelists, mobility grouping on.  Total pages: 128889
[    0.000000] Policy zone: DMA32
[    0.000000] Kernel command line: BOOT_IMAGE=/boot/vmlinuz-4.15.0-212-generic root=LABEL=cloudimg-rootfs ro console=tty1 console=ttyS0
[    0.000000] Memory: 466748K/523832K available (12300K kernel code, 2477K rwdata, 4324K rodata, 2480K init, 2720K bss, 57084K reserved, 0K cma-reserved)
[    0.000000] SLUB: HWalign=64, Order=0-3, MinObjects=0, CPUs=1, Nodes=1
[    0.000000] Kernel/User page tables isolation: enabled
[    0.000000] ftrace: allocating 39508 entries in 155 pages
[    0.004000] Hierarchical RCU implementation.
[    0.004000] 	RCU restricting CPUs from NR_CPUS=8192 to nr_cpu_ids=1.
[    0.004000] 	Tasks RCU enabled.
[    0.004000] RCU: Adjusting geometry for rcu_fanout_leaf=16, nr_cpu_ids=1
[    0.004000] NR_IRQS: 524544, nr_irqs: 256, preallocated irqs: 16
[    0.004000] random: crng init done
[    0.004000] Console: colour VGA+ 80x25
[    0.004000] console [tty1] enabled
[    0.004000] console [ttyS0] enabled
[    0.004000] ACPI: Core revision 20170831
[    0.004000] ACPI: 2 ACPI AML tables successfully acquired and loaded
[    0.004000] APIC: Switch to symmetric I/O mode setup
[    0.004000] x2apic enabled
[    0.004000] Switched APIC routing to physical x2apic.
[    0.004000] ..TIMER: vector=0x30 apic1=0 pin1=2 apic2=-1 pin2=-1
[    0.004004] tsc: Detected 1190.400 MHz processor
[    0.004786] Calibrating delay loop (skipped) preset value.. 2380.80 BogoMIPS (lpj=4761600)
[    0.005342] pid_max: default: 32768 minimum: 301
[    0.006100] Security Framework initialized
[    0.008004] Yama: becoming mindful.
[    0.008587] AppArmor: AppArmor initialized
[    0.009199] Dentry cache hash table entries: 65536 (order: 7, 524288 bytes)
[    0.010268] Inode-cache hash table entries: 32768 (order: 6, 262144 bytes)
[    0.011264] Mount-cache hash table entries: 1024 (order: 1, 8192 bytes)
[    0.012004] Mountpoint-cache hash table entries: 1024 (order: 1, 8192 bytes)
[    0.013291] process: using mwait in idle threads
[    0.013991] Last level iTLB entries: 4KB 0, 2MB 0, 4MB 0
[    0.014743] Last level dTLB entries: 4KB 0, 2MB 0, 4MB 0, 1GB 0
[    0.016005] Spectre V1 : Mitigation: usercopy/swapgs barriers and __user pointer sanitization
[    0.017284] Spectre V2 : Mitigation: Retpolines
[    0.017983] Spectre V2 : Spectre v2 / SpectreRSB mitigation: Filling RSB on context switch
[    0.019195] Spectre V2 : Spectre v2 / SpectreRSB : Filling RSB on VMEXIT
[    0.020002] RETBleed: WARNING: Spectre v2 mitigation leaves CPU vulnerable to RETBleed attacks, data leaks possible!
[    0.021546] RETBleed: Vulnerable
[    0.022099] Speculative Store Bypass: Vulnerable
[    0.022850] MDS: Mitigation: Clear CPU buffers
[    0.023494] MMIO Stale Data: Mitigation: Clear CPU buffers
[    0.024003] SRBDS: Unknown: Dependent on hypervisor status
[    0.033829] Freeing SMP alternatives memory: 36K
[    0.144781] smpboot: CPU0: Intel(R) Core(TM) i5-1035G1 CPU @ 1.00GHz (family: 0x6, model: 0x7e, stepping: 0x5)
[    0.146370] Performance Events: unsupported p6 CPU model 126 no PMU driver, software events only.
[    0.147589] Hierarchical SRCU implementation.
[    0.148000] NMI watchdog: Perf event create on CPU 0 failed with -2
[    0.148001] NMI watchdog: Perf NMI watchdog permanently disabled
[    0.148805] smp: Bringing up secondary CPUs ...
[    0.149418] smp: Brought up 1 node, 1 CPU
[    0.149956] smpboot: Max logical packages: 1
[    0.150587] smpboot: Total of 1 processors activated (2380.80 BogoMIPS)
[    0.152087] devtmpfs: initialized
[    0.152579] x86/mm: Memory block size: 128MB
[    0.153216] evm: security.selinux
[    0.153658] evm: security.SMACK64
[    0.154112] evm: security.SMACK64EXEC
[    0.154632] evm: security.SMACK64TRANSMUTE
[    0.155194] evm: security.SMACK64MMAP
[    0.155673] evm: security.apparmor
[    0.156004] evm: security.ima
[    0.156442] evm: security.capability
[    0.157024] clocksource: jiffies: mask: 0xffffffff max_cycles: 0xffffffff, max_idle_ns: 7645041785100000 ns
[    0.158250] futex hash table entries: 256 (order: 2, 16384 bytes)
[    0.159116] pinctrl core: initialized pinctrl subsystem
[    0.160159] RTC time:  0:08:50, date: 06/19/25
[    0.161066] NET: Registered protocol family 16
[    0.161761] audit: initializing netlink subsys (disabled)
[    0.162666] cpuidle: using governor ladder
[    0.163256] cpuidle: using governor menu
[    0.164009] audit: type=2000 audit(1750291735.632:1): state=initialized audit_enabled=0 res=1
[    0.165175] ACPI: bus type PCI registered
[    0.165836] acpiphp: ACPI Hot Plug PCI Controller Driver version: 0.5
[    0.166799] PCI: Using configuration type 1 for base access
[    0.168555] HugeTLB registered 2.00 MiB page size, pre-allocated 0 pages
[    0.169653] ACPI: Added _OSI(Module Device)
[    0.170270] ACPI: Added _OSI(Processor Device)
[    0.170922] ACPI: Added _OSI(3.0 _SCP Extensions)
[    0.171551] ACPI: Added _OSI(Processor Aggregator Device)
[    0.172006] ACPI: Added _OSI(Linux-Dell-Video)
[    0.172592] ACPI: Added _OSI(Linux-Lenovo-NV-HDMI-Audio)
[    0.173344] ACPI: Added _OSI(Linux-HPI-Hybrid-Graphics)
[    0.174367] ACPI: Executed 1 blocks of module-level executable AML code
[    0.178052] ACPI: Interpreter enabled
[    0.178661] ACPI: (supports S0 S5)
[    0.179169] ACPI: Using IOAPIC for interrupt routing
[    0.180181] PCI: Using host bridge windows from ACPI; if necessary, use "pci=nocrs" and report a bug
[    0.181470] ACPI: Enabled 2 GPEs in block 00 to 07
[    0.187119] ACPI: PCI Root Bridge [PCI0] (domain 0000 [bus 00-ff])
[    0.187987] acpi PNP0A03:00: _OSC: OS supports [ASPM ClockPM Segments MSI]
[    0.188364] acpi PNP0A03:00: _OSC: not requesting OS control; OS requires [ExtendedConfig ASPM ClockPM MSI]
[    0.189595] acpi PNP0A03:00: fail to add MMCONFIG information, can't access extended PCI configuration space under this bridge.
[    0.192271] PCI host bridge to bus 0000:00
[    0.193385] pci_bus 0000:00: root bus resource [io  0x0000-0x0cf7 window]
[    0.194298] pci_bus 0000:00: root bus resource [io  0x0d00-0xffff window]
[    0.195219] pci_bus 0000:00: root bus resource [mem 0x000a0000-0x000bffff window]
[    0.196000] pci_bus 0000:00: root bus resource [mem 0x20000000-0xfdffffff window]
[    0.196002] pci_bus 0000:00: root bus resource [bus 00-ff]
[    0.198094] pci 0000:00:01.1: legacy IDE quirk: reg 0x10: [io  0x01f0-0x01f7]
[    0.199073] pci 0000:00:01.1: legacy IDE quirk: reg 0x14: [io  0x03f6]
[    0.200002] pci 0000:00:01.1: legacy IDE quirk: reg 0x18: [io  0x0170-0x0177]
[    0.200899] pci 0000:00:01.1: legacy IDE quirk: reg 0x1c: [io  0x0376]
[    0.208666] pci 0000:00:07.0: quirk: [io  0x4000-0x403f] claimed by PIIX4 ACPI
[    0.209730] pci 0000:00:07.0: quirk: [io  0x4100-0x410f] claimed by PIIX4 SMB
[    0.214966] ACPI: PCI Interrupt Link [LNKA] (IRQs 5 9 10 *11)
[    0.216075] ACPI: PCI Interrupt Link [LNKB] (IRQs 5 9 *10 11)
[    0.216907] ACPI: PCI Interrupt Link [LNKC] (IRQs 5 *9 10 11)
[    0.217764] ACPI: PCI Interrupt Link [LNKD] (IRQs 5 9 10 *11)
[    0.218794] SCSI subsystem initialized
[    0.219428] pci 0000:00:02.0: vgaarb: setting as boot VGA device
[    0.220000] pci 0000:00:02.0: vgaarb: VGA device added: decodes=io+mem,owns=io+mem,locks=none
[    0.220004] pci 0000:00:02.0: vgaarb: bridge control possible
[    0.220782] vgaarb: loaded
[    0.221172] ACPI: bus type USB registered
[    0.221797] usbcore: registered new interface driver usbfs
[    0.222540] usbcore: registered new interface driver hub
[    0.224011] usbcore: registered new device driver usb
[    0.224832] EDAC MC: Ver: 3.0.0
[    0.225514] PCI: Using ACPI for IRQ routing
[    0.226335] NetLabel: Initializing
[    0.226830] NetLabel:  domain hash size = 128
[    0.228001] NetLabel:  protocols = UNLABELED CIPSOv4 CALIPSO
[    0.228818] NetLabel:  unlabeled traffic allowed by default
[    0.229625] clocksource: Switched to clocksource kvm-clock
[    0.236155] VFS: Disk quotas dquot_6.6.0
[    0.236788] VFS: Dquot-cache hash table entries: 512 (order 0, 4096 bytes)
[    0.237701] AppArmor: AppArmor Filesystem Enabled
[    0.238363] pnp: PnP ACPI init
[    0.239545] pnp: PnP ACPI: found 3 devices
[    0.245270] clocksource: acpi_pm: mask: 0xffffff max_cycles: 0xffffff, max_idle_ns: 2085701024 ns
[    0.246452] NET: Registered protocol family 2
[    0.247071] IP idents hash table entries: 8192 (order: 4, 65536 bytes)
[    0.247971] TCP established hash table entries: 4096 (order: 3, 32768 bytes)
[    0.248880] TCP bind hash table entries: 4096 (order: 4, 65536 bytes)
[    0.249692] TCP: Hash tables configured (established 4096 bind 4096)
[    0.250490] UDP hash table entries: 256 (order: 1, 8192 bytes)
[    0.251217] UDP-Lite hash table entries: 256 (order: 1, 8192 bytes)
[    0.252004] NET: Registered protocol family 1
[    0.252631] pci 0000:00:00.0: Limiting direct PCI/PCI transfers
[    0.253418] pci 0000:00:01.0: Activating ISA DMA hang workarounds
[    0.254229] pci 0000:00:02.0: Video device with shadowed ROM at [mem 0x000c0000-0x000dffff]
[    0.255346] Unpacking initramfs...
[    0.471115] Freeing initrd memory: 19528K
[    0.477896] clocksource: tsc: mask: 0xffffffffffffffff max_cycles: 0x1128af0325d, max_idle_ns: 440795261011 ns
[    0.479255] platform rtc_cmos: registered platform RTC device (no PNP device found)
[    0.480438] Scanning for low memory corruption every 60 seconds
[    0.481680] Initialise system trusted keyrings
[    0.482362] Key type blacklist registered
[    0.482974] workingset: timestamp_bits=36 max_order=17 bucket_order=0
[    0.484412] zbud: loaded
[    0.485347] squashfs: version 4.0 (2009/01/31) Phillip Lougher
[    0.486247] fuse init (API version 7.26)
[    0.487369] Key type asymmetric registered
[    0.487958] Asymmetric key parser 'x509' registered
[    0.488677] Block layer SCSI generic (bsg) driver version 0.4 loaded (major 246)
[    0.489769] io scheduler noop registered
[    0.490396] io scheduler deadline registered
[    0.491057] io scheduler cfq registered (default)
[    0.491913] ACPI: AC Adapter [AC] (on-line)
[    0.492582] input: Power Button as /devices/LNXSYSTM:00/LNXPWRBN:00/input/input0
[    0.493689] ACPI: Power Button [PWRF]
[    0.494336] input: Sleep Button as /devices/LNXSYSTM:00/LNXSLPBN:00/input/input1
[    0.495382] ACPI: Sleep Button [SLPF]
[    0.496864] ACPI: Battery Slot [BAT0] (battery present)
[    0.497693] Serial: 8250/16550 driver, 32 ports, IRQ sharing enabled
[    0.519867] 00:02: ttyS0 at I/O 0x3f8 (irq = 4, base_baud = 115200) is a 16550A
[    0.521908] Linux agpgart interface v0.103
[    0.523323] loop: module loaded
[    0.524265] scsi host0: ata_piix
[    0.524784] scsi host1: ata_piix
[    0.525243] ata1: PATA max UDMA/33 cmd 0x1f0 ctl 0x3f6 bmdma 0xd000 irq 14
[    0.526084] ata2: PATA max UDMA/33 cmd 0x170 ctl 0x376 bmdma 0xd008 irq 15
[    0.527281] tun: Universal TUN/TAP device driver, 1.6
[    0.527997] PPP generic driver version 2.4.2
[    0.528658] ehci_hcd: USB 2.0 'Enhanced' Host Controller (EHCI) Driver
[    0.529529] ehci-pci: EHCI PCI platform driver
[    0.530156] ehci-platform: EHCI generic platform driver
[    0.530831] ohci_hcd: USB 1.1 'Open' Host Controller (OHCI) Driver
[    0.531610] ohci-pci: OHCI PCI platform driver
[    0.532219] ohci-platform: OHCI generic platform driver
[    0.532879] uhci_hcd: USB Universal Host Controller Interface driver
[    0.533718] i8042: PNP: PS/2 Controller [PNP0303:PS2K,PNP0f03:PS2M] at 0x60,0x64 irq 1,12
[    0.535293] serio: i8042 KBD port at 0x60,0x64 irq 1
[    0.535980] serio: i8042 AUX port at 0x60,0x64 irq 12
[    0.536705] mousedev: PS/2 mouse device common for all mice
[    0.537680] input: AT Translated Set 2 keyboard as /devices/platform/i8042/serio0/input/input2
[    0.539154] rtc_cmos rtc_cmos: rtc core: registered rtc_cmos as rtc0
[    0.540145] rtc_cmos rtc_cmos: alarms up to one day, 114 bytes nvram
[    0.541007] i2c /dev entries driver
[    0.541534] device-mapper: uevent: version 1.0.3
[    0.542205] device-mapper: ioctl: 4.37.0-ioctl (2017-09-20) initialised: dm-devel@redhat.com
[    0.543338] ledtrig-cpu: registered to indicate activity on CPUs
[    0.544363] NET: Registered protocol family 10
[    0.547473] Segment Routing with IPv6
[    0.548037] NET: Registered protocol family 17
[    0.548660] Key type dns_resolver registered
[    0.549330] mce: Using 0 MCE banks
[    0.549798] RAS: Correctable Errors collector initialized.
[    0.550569] sched_clock: Marking stable (548627557, 0)->(690134302, -141506745)
[    0.551851] registered taskstats version 1
[    0.552508] Loading compiled-in X.509 certificates
[    0.554821] Loaded X.509 cert 'Build time autogenerated kernel key: b5b26778eaa3ab3a4a6cee031137706e947d12ad'
[    0.556750] Loaded X.509 cert 'Canonical Ltd. Live Patch Signing: 14df34d1a87cf37625abec039ef2bf521249b969'
[    0.558517] Loaded X.509 cert 'Canonical Ltd. Kernel Module Signing: 88f752e560a1e0737e31163a466ad7b70a850c19'
[    0.559817] blacklist: Loading compiled-in revocation X.509 certificates
[    0.560865] Loaded X.509 cert 'Canonical Ltd. Secure Boot Signing: 61482aa2830d0ab2ad5af10b7250da9033ddcef0'
[    0.562182] Loaded X.509 cert 'Canonical Ltd. Secure Boot Signing (2017): 242ade75ac4a15e50d50c84b0d45ff3eae707a03'
[    0.563515] Loaded X.509 cert 'Canonical Ltd. Secure Boot Signing (ESM 2018): 365188c1d374d6b07c3c8f240f8ef722433d6a8b'
[    0.564984] Loaded X.509 cert 'Canonical Ltd. Secure Boot Signing (2019): c0746fd6c5da3ae827864651ad66ae47fe24b3e8'
[    0.566370] Loaded X.509 cert 'Canonical Ltd. Secure Boot Signing (2021 v1): a8d54bbb3825cfb94fa13c9f8a594a195c107b8d'
[    0.567933] Loaded X.509 cert 'Canonical Ltd. Secure Boot Signing (2021 v2): 4cf046892d6fd3c9a5b03f98d845f90851dc6a8c'
[    0.569563] Loaded X.509 cert 'Canonical Ltd. Secure Boot Signing (2021 v3): 100437bb6de6e469b581e61cd66bce3ef4ed53af'
[    0.571084] Loaded X.509 cert 'Canonical Ltd. Secure Boot Signing (Ubuntu Core 2019): c1d57b8f6b743f23ee41f4f7ee292f06eecadfb9'
[    0.572734] zswap: loaded using pool lzo/zbud
[    0.575491] Key type big_key registered
[    0.576081] Key type trusted registered
[    0.577699] Key type encrypted registered
[    0.578287] AppArmor: AppArmor sha1 policy hashing enabled
[    0.578994] ima: No TPM chip found, activating TPM-bypass! (rc=-19)
[    0.579793] ima: Allocated hash algorithm: sha1
[    0.580561] evm: HMAC attrs: 0x1
[    0.581302]   Magic number: 13:488:102
[    0.581928] rtc_cmos rtc_cmos: setting system clock to 2025-06-19 00:08:50 UTC (1750291730)
[    0.583070] BIOS EDD facility v0.16 2004-Jun-25, 0 devices found
[    0.583862] EDD information not available.
[    0.707832] Freeing unused kernel image memory: 2480K
[    0.716132] Write protecting the kernel read-only data: 20480k
[    0.717319] Freeing unused kernel image memory: 2008K
[    0.718277] Freeing unused kernel image memory: 1820K
[    0.722847] x86/mm: Checked W+X mappings: passed, no W+X pages found.
[    0.723707] x86/mm: Checking user space page tables
[    0.728403] x86/mm: Checked W+X mappings: passed, no W+X pages found.
Loading, please wait...
starting version 237
[    0.826051] e1000: Intel(R) PRO/1000 Network Driver - version 7.3.21-k8-NAPI
[    0.827125] e1000: Copyright (c) 1999-2006 Intel Corporation.
[    0.833448] Fusion MPT base driver 3.04.20
[    0.834314] Copyright (c) 1999-2008 LSI Corporation
[    0.842382] Fusion MPT SPI Host driver 3.04.20
[    0.855314] AVX2 version of gcm_enc/dec engaged.
[    0.856144] AES CTR mode by8 optimization enabled
[    1.043323] input: ImExPS/2 Generic Explorer Mouse as /devices/platform/i8042/serio1/input/input4
[    1.203249] e1000 0000:00:03.0 eth0: (PCI:33MHz:32-bit) 02:3b:7b:b7:3b:2d
[    1.204267] e1000 0000:00:03.0 eth0: Intel(R) PRO/1000 Network Connection
[    1.205875] mptbase: ioc0: Initiating bringup
[    1.312495] ioc0: LSI53C1030 A0: Capabilities={Initiator}
[    1.553511] scsi host2: ioc0: LSI53C1030 A0, FwRev=00000000h, Ports=1, MaxQ=256, IRQ=20
[    1.720674] scsi 2:0:0:0: Direct-Access     VBOX     HARDDISK         1.0  PQ: 0 ANSI: 5
[    1.721883] scsi target2:0:0: Beginning Domain Validation
[    1.724429] scsi target2:0:0: Domain Validation skipping write tests
[    1.725305] scsi target2:0:0: Ending Domain Validation
[    1.726202] scsi target2:0:0: asynchronous
[    1.727009] scsi 2:0:1:0: Direct-Access     VBOX     HARDDISK         1.0  PQ: 0 ANSI: 5
[    1.728105] scsi target2:0:1: Beginning Domain Validation
[    1.729404] scsi target2:0:1: Domain Validation skipping write tests
[    1.730280] scsi target2:0:1: Ending Domain Validation
[    1.731029] scsi target2:0:1: asynchronous
[    1.733927] sd 2:0:0:0: [sda] 83886080 512-byte logical blocks: (42.9 GB/40.0 GiB)
[    1.735123] sd 2:0:0:0: [sda] Write Protect is off
[    1.735766] sd 2:0:0:0: Attached scsi generic sg0 type 0
[    1.736621] sd 2:0:0:0: [sda] Incomplete mode parameter data
[    1.737414] sd 2:0:0:0: [sda] Assuming drive cache: write through
[    1.738753] sd 2:0:1:0: [sdb] 20480 512-byte logical blocks: (10.5 MB/10.0 MiB)
[    1.739730] sd 2:0:1:0: [sdb] Write Protect is off
[    1.740458] sd 2:0:1:0: [sdb] Incomplete mode parameter data
[    1.741187] sd 2:0:1:0: [sdb] Assuming drive cache: write through
[    1.742209] sd 2:0:1:0: Attached scsi generic sg1 type 0
[    1.743006]  sda: sda1
[    1.744086] sd 2:0:0:0: [sda] Attached SCSI disk
[    1.746877] sd 2:0:1:0: [sdb] Attached SCSI disk
[    2.079417] e1000 0000:00:08.0 eth1: (PCI:33MHz:32-bit) 08:00:27:53:ee:9c
[    2.080594] e1000 0000:00:08.0 eth1: Intel(R) PRO/1000 Network Connection
[    2.082943] e1000 0000:00:08.0 enp0s8: renamed from eth1
[    2.085987] e1000 0000:00:03.0 enp0s3: renamed from eth0
Begin: Loading essential drivers ... [    3.461884] raid6: sse2x1   gen() 16592 MB/s
[    3.523014] raid6: sse2x1   xor() 11364 MB/s
[    3.586824] raid6: sse2x2   gen() 20788 MB/s
[    3.662206] raid6: sse2x2   xor() 16407 MB/s
[    3.731504] raid6: sse2x4   gen() 21192 MB/s
[    3.795678] raid6: sse2x4   xor() 12761 MB/s
[    3.860282] raid6: avx2x1   gen() 31335 MB/s
[    3.922563] raid6: avx2x1   xor() 18085 MB/s
[    3.987705] raid6: avx2x2   gen() 38158 MB/s
[    4.052195] raid6: avx2x2   xor() 26030 MB/s
[    4.114522] raid6: avx2x4   gen() 36955 MB/s
[    4.173902] raid6: avx2x4   xor() 27046 MB/s
[    4.174639] raid6: using algorithm avx2x2 gen() 38158 MB/s
[    4.175364] raid6: .... xor() 26030 MB/s, rmw enabled
[    4.176083] raid6: using avx2x2 recovery algorithm
[    4.178279] xor: automatically using best checksumming function   avx       
[    4.180430] async_tx: api initialized (async)
done.
Begin: Running /scripts/init-premount ... done.
Begin: Mounting root file system ... Begin: Running /scripts/local-top ... done.
Begin: Running /scripts/local-premount ... [    4.225933] Btrfs loaded, crc32c=crc32c-intel
Scanning for Btrfs filesystems
done.
Warning: fsck not present, so skipping root file system
[    4.255088] EXT4-fs (sda1): mounted filesystem with ordered data mode. Opts: (null)
done.
Begin: Running /scripts/local-bottom ... done.
Begin: Running /scripts/init-bottom ... done.
[    4.465348] ip_tables: (C) 2000-2006 Netfilter Core Team
[    4.477029] systemd[1]: systemd 237 running in system mode. (+PAM +AUDIT +SELINUX +IMA +APPARMOR +SMACK +SYSVINIT +UTMP +LIBCRYPTSETUP +GCRYPT +GNUTLS +ACL +XZ +LZ4 +SECCOMP +BLKID +ELFUTILS +KMOD -IDN2 +IDN -PCRE2 default-hierarchy=hybrid)
[    4.479759] systemd[1]: Detected virtualization oracle.
[    4.480589] systemd[1]: Detected architecture x86-64.

Welcome to [1mUbuntu 18.04.6 LTS[0m!

[    4.483830] systemd[1]: Set hostname to <ubuntu>.
[    4.486917] systemd[1]: Initializing machine ID from random generator.
[    4.487918] systemd[1]: Installed transient /etc/machine-id file.
[    4.738778] systemd[1]: Reached target System Time Synchronized.
[[0;32m  OK  [0m] Reached target System Time Synchronized.
[    4.740320] systemd[1]: Started Forward Password Requests to Wall Directory Watch.
[[0;32m  OK  [0m] Started Forward Password Requests to Wall Directory Watch.
[    4.741992] systemd[1]: Reached target Mounting snaps.
[[0;32m  OK  [0m] Reached target Mounting snaps.
[    4.743649] systemd[1]: Created slice User and Session Slice.
[[0;32m  OK  [0m] Created slice User and Session Slice.
[[0;32m  OK  [0m] Set up automount Arbitrary Executabâ€¦rmats File System Automount Point.
[[0;32m  OK  [0m] Reached target Mounted snaps.
[[0;32m  OK  [0m] Reached target Swap.
[[0;32m  OK  [0m] Created slice System Slice.
[[0;32m  OK  [0m] Listening on udev Kernel Socket.
[[0;32m  OK  [0m] Listening on Network Service Netlink Socket.
[[0;32m  OK  [0m] Listening on Journal Audit Socket.
[[0;32m  OK  [0m] Listening on udev Control Socket.
[[0;32m  OK  [0m] Reached target Slices.
[[0;32m  OK  [0m] Listening on LVM2 metadata daemon socket.
[[0;32m  OK  [0m] Listening on LVM2 poll daemon socket.
[[0;32m  OK  [0m] Listening on Device-mapper event daemon FIFOs.
[[0;32m  OK  [0m] Created slice system-serial\x2dgetty.slice.
[[0;32m  OK  [0m] Listening on Journal Socket.
         Starting Set the console keyboard layout...
         Mounting POSIX Message Queue File System...
         Starting Create list of required stâ€¦ce nodes for the current kernel...
         Mounting Huge Pages File System...
         Starting Monitoring of LVM2 mirrorsâ€¦ng dmeventd or progress polling...
[[0;32m  OK  [0m] Listening on fsck to fsckd communication Socket.
         Starting File System Check on Root Device...
[[0;32m  OK  [0m] Listening on /dev/initctl Compatibility Named Pipe.
[[0;32m  OK  [0m] Listening on Syslog Socket.
         Starting Uncomplicated firewall...
         Starting Load Kernel Modules...
         Starting udev Coldplug all Devices...
[[0;32m  OK  [0m] Reached target User and Group Name Lookups.
[[0;32m  OK  [0m] Listening on Journal Socket (/dev/log).
         Starting Journal Service...
         Mounting Kernel Debug File System...
[[0;32m  OK  [0m] Started Create list of required staâ€¦vice nodes for the current kernel.
[[0;32m  OK  [0m] Started Uncomplicated firewall.
[[0;32m  OK  [0m] Started LVM2 metadata daemon.
[[0;32m  OK  [0m] Started File System Check Daemon to report status.
         Starting Create Static Device Nodes in /dev...
[[0;32m  OK  [0m] Mounted POSIX Message Queue File System.
[[0;32m  OK  [0m] Mounted Huge Pages File System.
[[0;32m  OK  [0m] Mounted Kernel Debug File System.
[    4.861833] Loading iSCSI transport class v2.0-870.
[[0;32m  OK  [0m] Started Journal Service.
[[0;32m  OK  [0m] Started File System Check on Root Device.
         Starting Remount Root and Kernel File Systems...
[[0;32m  OK  [0m] Started udev Coldplug all Devices.
[[0;32m  OK  [0m] Started Create Static Device Nodes in /dev.
[    4.961003] iscsi: registered transport (tcp)
[    4.977806] iscsi: registered transport (iser)
[[0;32m  OK  [0m] Started Load Kernel Modules.
         Mounting Kernel Configuration File System...
         Mounting FUSE Control File System...
         Starting Apply Kernel Variables...
[[0;32m  OK  [0m] Mounted Kernel Configuration File System.
[[0;32m  OK  [0m] Mounted FUSE Control File System.
[[0;32m  OK  [0m] Started Remount Root and Kernel File Systems.
         Starting Load/Save Random Seed...
         Starting Flush Journal to Persistent Storage...
         Starting udev Kernel Device Manager...
[[0;32m  OK  [0m] Started Monitoring of LVM2 mirrors,â€¦sing dmeventd or progress polling.
[[0;32m  OK  [0m] Started Apply Kernel Variables.
[[0;32m  OK  [0m] Started Load/Save Random Seed.
[[0;32m  OK  [0m] Started udev Kernel Device Manager.
[[0;32m  OK  [0m] Started Flush Journal to Persistent Storage.
[[0;32m  OK  [0m] Found device /dev/ttyS0.
[[0;32m  OK  [0m] Listening on Load/Save RF Kill Switch Status /dev/rfkill Watch.
         Mounting Arbitrary Executable File Formats File System...
[[0;32m  OK  [0m] Mounted Arbitrary Executable File Formats File System.
[[0;32m  OK  [0m] Started Set the console keyboard layout.
[[0;32m  OK  [0m] Started Dispatch Password Requests to Console Directory Watch.
[[0;32m  OK  [0m] Reached target Local Encrypted Volumes.
[[0;32m  OK  [0m] Reached target Local File Systems (Pre).
[[0;32m  OK  [0m] Reached target Local File Systems.
         Starting Commit a transient machine-id on disk...
         Starting AppArmor initialization...
         Starting Tell Plymouth To Write Out Runtime Data...
         Starting Set console font and keymap...
         Starting ebtables ruleset management...
         Starting Create Volatile Files and Directories...
[[0;32m  OK  [0m] Started Create Volatile Files and Directories.
         Starting Update UTMP about System Boot/Shutdown...
[[0;32m  OK  [0m] Started Update UTMP about System Boot/Shutdown.
[[0;32m  OK  [0m] Started Tell Plymouth To Write Out Runtime Data.
[[0;32m  OK  [0m] Started Commit a transient machine-id on disk.
[[0;32m  OK  [0m] Started ebtables ruleset management.
[[0;32m  OK  [0m] Started AppArmor initialization.
         Starting Initial cloud-init job (pre-networking)...
         Starting Load AppArmor profiles managed internally by snapd...
[[0;32m  OK  [0m] Started Load AppArmor profiles managed internally by snapd.
[[0;32m  OK  [0m] Started Set console font and keymap.
[    8.485495] cloud-init[803]: Cloud-init v. 23.1.2-0ubuntu0~18.04.1 running 'init-local' at Thu, 19 Jun 2025 00:08:58 +0000. Up 8.26 seconds.
[[0;32m  OK  [0m] Started Initial cloud-init job (pre-networking).
[[0;32m  OK  [0m] Reached target Network (Pre).
         Starting Network Service...
[[0;32m  OK  [0m] Started Network Service.
         Starting Network Name Resolution...
         Starting Wait for Network to be Configured...
[[0;32m  OK  [0m] Started Network Name Resolution.
[[0;32m  OK  [0m] Reached target Host and Network Name Lookups.
[[0;32m  OK  [0m] Reached target Network.
[[0;32m  OK  [0m] Started Wait for Network to be Configured.
         Starting Initial cloud-init job (metadata service crawler)...
[   11.029326] cloud-init[951]: Cloud-init v. 23.1.2-0ubuntu0~18.04.1 running 'init' at Thu, 19 Jun 2025 00:09:00 +0000. Up 10.92 seconds.
[   11.030566] cloud-init[951]: ci-info: ++++++++++++++++++++++++++++++++++++++Net device info+++++++++++++++++++++++++++++++++++++++
[   11.031990] cloud-init[951]: ci-info: +--------+-------+----------------------------+---------------+--------+-------------------+
[   11.033060] cloud-init[951]: ci-info: | Device |   Up  |          Address           |      Mask     | Scope  |     Hw-Address    |
[   11.034036] cloud-init[951]: ci-info: +--------+-------+----------------------------+---------------+--------+-------------------+
[   11.037211] cloud-init[951]: ci-info: | enp0s3 |  True |         10.0.2.15          | 255.255.255.0 | global | 02:3b:7b:b7:3b:2d |
[   11.039307] cloud-init[951]: ci-info: | enp0s3 |  True | fe80::3b:7bff:feb7:3b2d/64 |       .       |  link  | 02:3b:7b:b7:3b:2d |
[   11.042025] cloud-init[951]: ci-info: | enp0s8 | False |             .              |       .       |   .    | 08:00:27:53:ee:9c |
[   11.043034] cloud-init[951]: ci-info: |   lo   |  True |         127.0.0.1          |   255.0.0.0   |  host  |         .         |
[   11.045898] cloud-init[951]: ci-info: |   lo   |  True |          ::1/128           |       .       |  host  |         .         |
[   11.048308] cloud-init[951]: ci-info: +--------+-------+----------------------------+---------------+--------+-------------------+
[   11.049937] cloud-init[951]: ci-info: ++++++++++++++++++++++++++++Route IPv4 info+++++++++++++++++++++++++++++
[   11.050905] cloud-init[951]: ci-info: +-------+-------------+----------+-----------------+-----------+-------+
[   11.054108] cloud-init[951]: ci-info: | Route | Destination | Gateway  |     Genmask     | Interface | Flags |
[   11.055140] cloud-init[951]: ci-info: +-------+-------------+----------+-----------------+-----------+-------+
[   11.058688] cloud-init[951]: ci-info: |   0   |   0.0.0.0   | 10.0.2.2 |     0.0.0.0     |   enp0s3  |   UG  |
[   11.059805] cloud-init[951]: ci-info: |   1   |   10.0.2.0  | 0.0.0.0  |  255.255.255.0  |   enp0s3  |   U   |
[   11.063406] cloud-init[951]: ci-info: |   2   |   10.0.2.2  | 0.0.0.0  | 255.255.255.255 |   enp0s3  |   UH  |
[   11.064367] cloud-init[951]: ci-info: +-------+-------------+----------+-----------------+-----------+-------+
[   11.065379] cloud-init[951]: ci-info: +++++++++++++++++++Route IPv6 info+++++++++++++++++++
[   11.066213] cloud-init[951]: ci-info: +-------+-------------+---------+-----------+-------+
[   11.068186] cloud-init[951]: ci-info: | Route | Destination | Gateway | Interface | Flags |
[   11.070593] cloud-init[951]: ci-info: +-------+-------------+---------+-----------+-------+
[   11.071597] cloud-init[951]: ci-info: |   1   |  fe80::/64  |    ::   |   enp0s3  |   U   |
[   11.072492] cloud-init[951]: ci-info: |   3   |    local    |    ::   |   enp0s3  |   U   |
[   11.077327] cloud-init[951]: ci-info: |   4   |   ff00::/8  |    ::   |   enp0s3  |   U   |
[   11.078031] cloud-init[951]: ci-info: +-------+-------------+---------+-----------+-------+
[   11.679022] cloud-init[951]: Generating public/private rsa key pair.
[   11.679850] cloud-init[951]: Your identification has been saved in /etc/ssh/ssh_host_rsa_key.
[   11.680819] cloud-init[951]: Your public key has been saved in /etc/ssh/ssh_host_rsa_key.pub.
[   11.681767] cloud-init[951]: The key fingerprint is:
[   11.698681] cloud-init[951]: SHA256:zmnA8kE96sTKJoLJOaMf7PGDKSWMBf6+eM2oaIIWnZo root@ubuntu-bionic
[   11.699601] cloud-init[951]: The key's randomart image is:
[   11.700254] cloud-init[951]: +---[RSA 2048]----+
[   11.700813] cloud-init[951]: |                 |
[   11.701351] cloud-init[951]: |.      .         |
[   11.701869] cloud-init[951]: |..    . o        |
[   11.702399] cloud-init[951]: | ..  + . .       |
[   11.719956] cloud-init[951]: |o.o o B S        |
[   11.720372] cloud-init[951]: |==o= * = .       |
[   11.720908] cloud-init[951]: |=BXoB o =        |
[   11.721442] cloud-init[951]: |*E*X.o .         |
[   11.721966] cloud-init[951]: |*==.o.           |
[   11.722516] cloud-init[951]: +----[SHA256]-----+
[   11.723095] cloud-init[951]: Generating public/private dsa key pair.
[   11.726764] cloud-init[951]: Your identification has been saved in /etc/ssh/ssh_host_dsa_key.
[   11.727563] cloud-init[951]: Your public key has been saved in /etc/ssh/ssh_host_dsa_key.pub.
[   11.728443] cloud-init[951]: The key fingerprint is:
[   11.729020] cloud-init[951]: SHA256:F8TF4nLTLkAJ09rt4GbBXs38FXv7x7xfNGkWr+z1sy8 root@ubuntu-bionic
[[0;32m  OK  [0m] Started Initial cloud-init job (metadata service crawler).
[[0;32m  OK  [0m] Reached target Cloud-config availability.
[[0;32m  OK  [0m] Reached target System Initialization.
[[0;32m  OK  [0m] Listening on Open-iSCSI iscsid Socket.
         Starting Socket activation for snappy daemon.
[   11.734446] cloud-init[951]: The key's randomart image is:
[   11.734990] cloud-init[951]: +---[DSA 1024]----+
[[0;32m  OK  [0m] Listening on UUID daemon activation socket.[   11.736436] cloud-init[951]: |      oo o.o.    |
[   11.736937] cloud-init[951]: |       .+.o .  . |
[   11.737414] cloud-init[951]: |       = o.*   .o|
[   11.737926] cloud-init[951]: |      . B *.=  .*|
[   11.738463] cloud-init[951]: |       oSO.o . *=|
[   11.739040] cloud-init[951]: |        =.o ..++.|
[   11.739645] cloud-init[951]: |       o   .  oo+|
[[0;32m  OK  [0m] Started Ubuntu Advantage Timer for running repeated jobs.
[[0;32m  OK  [0m] Started Message of the Day.
         Starting LXD - unix socket.
[[0;32m  OK  [0m] Listening on ACPID Listen Socket.
[[0;32m  OK  [0m] Listening on D-Bus System Message Bus Socket.
[[0;32m  OK  [0m] Started Daily apt download activities.
[[0;32m  OK  [0m] Started Daily apt upgrade and clean activities.
[[0;32m  OK  [0m] Listening on cloud-init hotplug hook socket.
[[0;32m  OK  [0m] Started Discard unused blocks once a week.
[[0;32m  OK  [0m] Started ACPI Events Check.
[[0;32m  OK  [0m] Reached target Paths.
[[0;32m  OK  [0m] Started Daily Cleanup of Temporary Directories.
[[0;32m  OK  [0m] Reached target Timers.
[[0;32m  OK  [0m] Reached target Network is Online.
[   11.757128] cloud-init[951]: |             .EoB|
[   11.757836] cloud-init[951]: |              .+@|
[   11.758378] cloud-init[951]: +----[SHA256]-----+
[   11.758891] cloud-init[951]: Generating public/private ecdsa key pair.
[   11.759520] cloud-init[951]: Your identification has been saved in /etc/ssh/ssh_host_ecdsa_key.
[[0;32m  OK  [0m] Reached target Remote File Systems (Pre).
[[0;32m  OK  [0m] Reached target Remote File Systems.
         Starting Availability of block devices...
[[0;32m  OK  [0m] Listening on Socket activation for snappy daemon.
[[0;32m  OK  [0m] Listening on LXD - unix socket.
[[0;32m  OK  [0m] Reached target Sockets.
[[0;32m  OK  [0m] Reached target Basic System.

         [   11.791457] cloud-init[951]: Your public key has been saved in /etc/ssh/ssh_host_ecdsa_key.pub.
Starting Accounts Service...
[   11.793085] cloud-init[951]: The key fingerprint is:
         Starting Permit User Sessions...
[   11.794051] cloud-init[951]: SHA256:qWIXNKjgEfW2X01mbiLK8rLgkVH384QH9/lm6mXNSfw root@ubuntu-bionic
[   11.796298] cloud-init[951]: The key's randomart image is:
         Starting LSB: Record successful boot for GRUB...
[   11.797852] cloud-init[951]: +---[ECDSA 256]---+
[   11.802500]          Starting Pollinate to seed the pseudo random number generator...
[[0;32m  OK  [0m] Reached target Login Prompts (Pre).
cloud-init[951]: | ...             |
[   11.805186] cloud-init[951]: |  . ..           |
         Starting LXD - container startup/shutdown...
[   11.807435] cloud-init[951]: |.. ..+o. . +     |
[   11.807894] [[0;32m  OK  [0m] Started Deferred execution scheduler.
cloud-init[951]: |..o.o.o.+.B . .  |
[   11.815787] cloud-init[951]: | o.  ..=S= *   o |
[   11.818473] cloud-init[951]: |  o . ooB o . + o|
[   11.819152] cloud-init[951]: | + .ooo. .   * +E|
[   11.820425] cloud-init[951]: |. oooo      *    |
[   11.821066] cloud-init[951]: | . .o.    .o     |[[0;32m  OK  [0m] Started irqbalance daemon.
         Starting Dispatcher daemon for systemd-networkd...
         Starting Login Service...
         Starting LSB: automatic crash report generation...

[[0;32m  OK  [0m] Started D-Bus System Message Bus.
[   11.853696] cloud-init[951]: +----[SHA256]-----+
[   11.855880] cloud-init[951]: Generating public/private ed25519 key pair.
[   11.858218] cloud-init[951]: Your identification has been saved in /etc/ssh/ssh_host_ed25519_key.
[   11.859286] cloud-init[951]: Your public key has been saved in /etc/ssh/ssh_host_ed25519_key.pub.
[   11.860250] cloud-init[951]: The key fingerprint is:
[   11.860869] cloud-init[951]: SHA256:w2+VQRHfI06OjTEJFqK47gfH08C9fRnPKY6uyH93rhM root@ubuntu-bionic
[   11.861795] cloud-init[951]: The key's randomart image is:
[   11.864036] cloud-init[951]: +--[ED25519 256]--+
[   11.865089] cloud-init[951]: |       . +. +o   |
[   11.865682] cloud-init[951]: |    . . o .... . |
[   11.866257] cloud-init[951]: |   ....    +.o...|
[   11.867725] cloud-init[951]: |    .o o   .Xo. .|
[   11.882764] cloud-init[951]: |   .. o S  oB+.  |
[   11.886954] cloud-init[951]: |  .. + o + E +   |
[   11.889063] cloud-init[951]: |   .o .   * o    |
[   11.892634] cloud-init[951]: |  . ...  + + .   |
[   11.896723] cloud-init[951]: |   ..o.o+...=.   |
[   11.900372] cloud-init[951]: +----[SHA256]-----+
[[0;32m  OK  [0m] Started Regular background program processing daemon.
         Starting System Logging Service...
[[0;32m  OK  [0m] Started FUSE filesystem for LXC.
         Starting Virtualbox guest utils...
         Starting Snap Daemon...
[[0;32m  OK  [0m] Started System Logging Service.
[[0;32m  OK  [0m] Started Availability of block devices.
[[0;32m  OK  [0m] Started Permit User Sessions.
[[0;32m  OK  [0m] Started Login Service.
         Starting Authorization Manager...
[[0;32m  OK  [0m] Started Unattended Upgrades Shutdown.
         Starting Hold until boot process finishes up...
         Starting Terminate Plymouth Boot Screen...
[[0;32m  OK  [0m] Started Hold until boot process finishes up.
[[0;32m  OK  [0m] Started Serial Getty on ttyS0.
         Starting Set console scheme...
[[0;32m  OK  [0m] Started Terminate Plymouth Boot Screen.
[[0;32m  OK  [0m] Started LSB: automatic crash report generation.
[[0;32m  OK  [0m] Started Authorization Manager.
[[0;32m  OK  [0m] Started Accounts Service.
[[0;32m  OK  [0m] Started Set console scheme.
[[0;32m  OK  [0m] Created slice system-getty.slice.
[[0;32m  OK  [0m] Started Getty on tty1.
[[0;32m  OK  [0m] Reached target Login Prompts.
[[0;32m  OK  [0m] Started LSB: Record successful boot for GRUB.
[[0;32m  OK  [0m] Started LXD - container startup/shutdown.
[[0;32m  OK  [0m] Started Virtualbox guest utils.
[[0;32m  OK  [0m] Started Dispatcher daemon for systemd-networkd.
[[0;32m  OK  [0m] Started Snap Daemon.
         Starting Wait until snapd is fully seeded...
         Starting Time & Date Service...
[[0;32m  OK  [0m] Started Time & Date Service.
[[0;32m  OK  [0m] Started Pollinate to seed the pseudo random number generator.
         Starting OpenBSD Secure Shell server...
[[0;32m  OK  [0m] Started OpenBSD Secure Shell server.
[[0;32m  OK  [0m] Created slice User Slice of vagrant.
         Starting User Manager for UID 1000...
[[0;32m  OK  [0m] Started Session 1 of user vagrant.
[[0;32m  OK  [0m] Started User Manager for UID 1000.
[[0;32m  OK  [0m] Started Wait until snapd is fully seeded.
         Starting Apply the settings specified in cloud-config...
[   17.967696] cloud-init[1620]: Cloud-init v. 23.1.2-0ubuntu0~18.04.1 running 'modules:config' at Thu, 19 Jun 2025 00:09:07 +0000. Up 17.57 seconds.

Ubuntu 18.04.6 LTS ubuntu-bionic ttyS0

ubuntu-bionic login: ci-info: no authorized SSH keys fingerprints found for user ubuntu.
<14>Jun 19 00:09:08 cloud-init: #############################################################
<14>Jun 19 00:09:08 cloud-init: -----BEGIN SSH HOST KEY FINGERPRINTS-----
<14>Jun 19 00:09:08 cloud-init: 1024 SHA256:F8TF4nLTLkAJ09rt4GbBXs38FXv7x7xfNGkWr+z1sy8 root@ubuntu-bionic (DSA)
<14>Jun 19 00:09:08 cloud-init: 256 SHA256:qWIXNKjgEfW2X01mbiLK8rLgkVH384QH9/lm6mXNSfw root@ubuntu-bionic (ECDSA)
<14>Jun 19 00:09:08 cloud-init: 256 SHA256:w2+VQRHfI06OjTEJFqK47gfH08C9fRnPKY6uyH93rhM root@ubuntu-bionic (ED25519)
<14>Jun 19 00:09:08 cloud-init: 2048 SHA256:zmnA8kE96sTKJoLJOaMf7PGDKSWMBf6+eM2oaIIWnZo root@ubuntu-bionic (RSA)
<14>Jun 19 00:09:08 cloud-init: -----END SSH HOST KEY FINGERPRINTS-----
<14>Jun 19 00:09:08 cloud-init: #############################################################
-----BEGIN SSH HOST KEY KEYS-----
ecdsa-sha2-nistp256 AAAAE2VjZHNhLXNoYTItbmlzdHAyNTYAAAAIbmlzdHAyNTYAAABBBK3acL6Ovc74Hjb7r9LwHGQcOpikw9LGTJsYiXv6j2rz+LeUsllYx424o0G2h5yixJkp5Zm9n815/CToswiQ/nU= root@ubuntu-bionic
ssh-ed25519 AAAAC3NzaC1lZDI1NTE5AAAAIIbWlJDvXl6+tUBFnw4FU2KzN1sOZvnWQWJG3NWSgRmc root@ubuntu-bionic
ssh-rsa AAAAB3NzaC1yc2EAAAADAQABAAABAQCmkVHF6UOGnpLFzvtkhMCM5A2vNhI8A4xyn47+Zge1OyCbPicMXe/s9BniYUwkVbK/MBvhXAAbbMBF8gzA4SgvECVsgqUhA6UxkAzjqjV/OeZgoyZLkV6bxL/rkreMX3wxkPtotoB7Pr/L+ICj8dOme0FaOwsxo2HAbVTiSpNP00PiyQQ1S+yg8eOQExkQwo9Yo9fVLQkNDc9lWLxMW6QBzEYaO+D/efMc/hof+Yo98jrcLiLSljppT2Nd3sYARY9ZNvLpo4ZLPEbCx7UUD8ESqu2VZCKo4pVS8KXRR9hf8q7MvX2ylA8nLsHZIuKFrvx1pZkFR0nKl3qNpeMcfR4l root@ubuntu-bionic
-----END SSH HOST KEY KEYS-----
[   18.652279] cloud-init[1725]: Cloud-init v. 23.1.2-0ubuntu0~18.04.1 running 'modules:final' at Thu, 19 Jun 2025 00:09:08 +0000. Up 18.41 seconds.
[   18.653903] cloud-init[1725]: Cloud-init v. 23.1.2-0ubuntu0~18.04.1 finished at Thu, 19 Jun 2025 00:09:08 +0000. Datasource DataSourceNoCloud [seed=/dev/sdb][dsmode=net].  Up 18.64 seconds
